Component: ARM Compiler 5.06 update 7 (build 960) Tool: armlink [4d3601]

==============================================================================

Section Cross References

    main.o(.text) refers to rtx_kernel.o(.text) for osKernelGetState
    main.o(.text) refers to stm32f4xx_hal_rcc.o(.text) for HAL_RCC_OscConfig
    main.o(.text) refers to stm32f4xx_hal.o(.text) for HAL_GetREVID
    main.o(.text) refers to system_stm32f4xx.o(.text) for SystemCoreClockUpdate
    main.o(.text) refers to rtx_thread.o(.text) for osThreadNew
    main.o(.text) refers to system_stm32f4xx.o(.data) for SystemCoreClock
    main.o(.text) refers to main.o(.data) for .data
    main.o(.text) refers to http_server.o(.constdata) for app_main_attr
    main.o(.text) refers to http_server.o(.text) for app_main
    http_server.o(.text) refers to adc.o(.text) for ADC_getVoltage
    http_server.o(.text) refers to ffixi.o(.text) for __aeabi_f2iz
    http_server.o(.text) refers to buttons_nucleo_f429zi.o(.text) for Buttons_GetState
    http_server.o(.text) refers to rtx_thread.o(.text) for osThreadFlagsSet
    http_server.o(.text) refers to stm32f4xx_hal_gpio.o(.text) for HAL_GPIO_TogglePin
    http_server.o(.text) refers to rtx_timer.o(.text) for osTimerStop
    http_server.o(.text) refers to sntp.o(.text) for init_SNTP
    http_server.o(.text) refers to stm32f4xx_hal_cortex.o(.text) for HAL_NVIC_DisableIRQ
    http_server.o(.text) refers to leds.o(.text) for Encender_Apagar_LEDs
    http_server.o(.text) refers to lpm.o(.text) for SleepMode_Measure
    http_server.o(.text) refers to rtc.o(.text) for RTC_DateConfig
    http_server.o(.text) refers to rtx_delay.o(.text) for osDelay
    http_server.o(.text) refers to thlcd.o(.text) for Init_PinesGPIO
    http_server.o(.text) refers to strlen.o(.text) for strlen
    http_server.o(.text) refers to net_sys.o(i.netInitialize) for netInitialize
    http_server.o(.text) refers to http_server.o(.bss) for .bss
    http_server.o(.text) refers to http_server.o(.data) for .data
    http_server.o(.constdata) refers to http_server.o(.bss) for app_main_stk
    http_server_cgi.o(.text) refers to net_http_server.o(i.netCGI_GetEnvVar) for netCGI_GetEnvVar
    http_server_cgi.o(.text) refers to net_addr.o(i.netIP_aton) for netIP_aton
    http_server_cgi.o(.text) refers to net_sys.o(i.netIF_SetOption) for netIF_SetOption
    http_server_cgi.o(.text) refers to strcmp.o(.text) for strcmp
    http_server_cgi.o(.text) refers to strncmp.o(.text) for strncmp
    http_server_cgi.o(.text) refers to leds.o(.text) for Encender_Apagar_LEDs
    http_server_cgi.o(.text) refers to net_http_server.o(i.netHTTPs_LoginActive) for netHTTPs_LoginActive
    http_server_cgi.o(.text) refers to strcpy.o(.text) for strcpy
    http_server_cgi.o(.text) refers to net_http_server.o(i.netHTTPs_SetPassword) for netHTTPs_SetPassword
    http_server_cgi.o(.text) refers to rtx_thread.o(.text) for osThreadFlagsSet
    http_server_cgi.o(.text) refers to net_sys.o(i.netIF_GetOption) for netIF_GetOption
    http_server_cgi.o(.text) refers to net_addr.o(i.netIP_ntoa) for netIP_ntoa
    http_server_cgi.o(.text) refers to printfa.o(i.__0sprintf) for __2sprintf
    http_server_cgi.o(.text) refers to net_tcp.o(i.netTCP_GetState) for netTCP_GetState
    http_server_cgi.o(.text) refers to net_tcp.o(i.netTCP_GetPeer) for netTCP_GetPeer
    http_server_cgi.o(.text) refers to net_tcp.o(i.netTCP_GetTimer) for netTCP_GetTimer
    http_server_cgi.o(.text) refers to net_tcp.o(i.netTCP_GetLocalPort) for netTCP_GetLocalPort
    http_server_cgi.o(.text) refers to net_http_server.o(i.netHTTPs_GetPassword) for netHTTPs_GetPassword
    http_server_cgi.o(.text) refers to net_http_server.o(i.netHTTPs_GetLanguage) for netHTTPs_GetLanguage
    http_server_cgi.o(.text) refers to http_server_cgi.o(.bss) for .bss
    http_server_cgi.o(.text) refers to http_server_cgi.o(.data) for .data
    http_server_cgi.o(.text) refers to http_server.o(.data) for LEDrun
    http_server_cgi.o(.text) refers to http_server_cgi.o(.conststring) for .conststring
    http_server_cgi.o(.text) refers to http_server.o(.text) for AD_in
    http_server_cgi.o(.text) refers to ffltui.o(.text) for __aeabi_ui2f
    http_server_cgi.o(.text) refers to fmul.o(.text) for __aeabi_fmul
    http_server_cgi.o(.text) refers to f2d.o(.text) for __aeabi_f2d
    http_server_cgi.o(.text) refers to dscalb.o(.text) for __ARM_scalbn
    http_server_cgi.o(.text) refers to http_server.o(.bss) for rtc_text
    web.o(.text) refers to web.o(.constdata) for .constdata
    web.o(.constdata) refers to web.o(.constdata) for imageFileData
    leds.o(.text) refers to stm32f4xx_hal_gpio.o(.text) for HAL_GPIO_Init
    thlcd.o(.text) refers to rtx_thread.o(.text) for osThreadFlagsSet
    thlcd.o(.text) refers to stm32f4xx_hal_tim.o(.text) for HAL_TIM_Base_Init
    thlcd.o(.text) refers to stm32f4xx_hal_gpio.o(.text) for HAL_GPIO_Init
    thlcd.o(.text) refers to http_server.o(.data) for TID_Display
[...]
    netHTTPs_SetPassword                     0x08014659   Thumb Code    78  net_http_server.o(i.netHTTPs_SetPassword)
    netIF_GetOption                          0x080146b1   Thumb Code   128  net_sys.o(i.netIF_GetOption)
    netIF_SetOption                          0x08014739   Thumb Code   124  net_sys.o(i.netIF_SetOption)
    netIP_aton                               0x080147bd   Thumb Code    26  net_addr.o(i.netIP_aton)
    netIP_ntoa                               0x080147d7   Thumb Code    50  net_addr.o(i.netIP_ntoa)
    netInitialize                            0x08014809   Thumb Code   156  net_sys.o(i.netInitialize)
    netMAC_aton                              0x080148b5   Thumb Code   140  net_addr.o(i.netMAC_aton)
    netSNTPc_GetTime                         0x08014941   Thumb Code    28  net_sntp_client_core.o(i.netSNTPc_GetTime)
    netTCP_GetLocalPort                      0x0801495d   Thumb Code     4  net_tcp.o(i.netTCP_GetLocalPort)
    netTCP_GetPeer                           0x08014961   Thumb Code    32  net_tcp.o(i.netTCP_GetPeer)
    netTCP_GetState                          0x08014981   Thumb Code     4  net_tcp.o(i.netTCP_GetState)
    netTCP_GetTimer                          0x08014985   Thumb Code     4  net_tcp.o(i.netTCP_GetTimer)
    net_addr4_aton                           0x08014989   Thumb Code   124  net_addr.o(i.net_addr4_aton)
    net_addr4_to_mac                         0x08014a05   Thumb Code    30  net_addr.o(i.net_addr4_to_mac)
    net_addr6_aton                           0x08014a25   Thumb Code   230  net_addr.o(i.net_addr6_aton)
    net_addr6_comp                           0x08014b0b   Thumb Code    40  net_addr.o(i.net_addr6_comp)
    net_addr6_copy                           0x08014b33   Thumb Code    18  net_addr.o(i.net_addr6_copy)
    net_addr6_create                         0x08014b45   Thumb Code    70  net_addr.o(i.net_addr6_create)
    net_addr6_get_solicited                  0x08014b91   Thumb Code    34  net_addr.o(i.net_addr6_get_solicited)
    net_addr6_is_linklocal                   0x08014bb9   Thumb Code    24  net_addr.o(i.net_addr6_is_linklocal)
    net_addr6_is_onlink                      0x08014bd1   Thumb Code   110  net_addr.o(i.net_addr6_is_onlink)
    net_addr6_is_solicited                   0x08014c3f   Thumb Code    72  net_addr.o(i.net_addr6_is_solicited)
    net_addr6_is_unspec                      0x08014c87   Thumb Code    24  net_addr.o(i.net_addr6_is_unspec)
    net_addr6_to_mac                         0x08014c9f   Thumb Code    14  net_addr.o(i.net_addr6_to_mac)
    net_addr_comp                            0x08014cad   Thumb Code    44  net_addr.o(i.net_addr_comp)
    net_addr_copy                            0x08014cd9   Thumb Code    38  net_addr.o(i.net_addr_copy)
    net_addr_find_route                      0x08014cff   Thumb Code    26  net_addr.o(i.net_addr_find_route)
    net_addr_get_local                       0x08014d19   Thumb Code    26  net_addr.o(i.net_addr_get_local)
    net_addr_is_unspec                       0x08014d39   Thumb Code    34  net_addr.o(i.net_addr_is_unspec)
    net_arp_cache_add                        0x08014d5d   Thumb Code   276  net_arp.o(i.net_arp_cache_add)
    net_arp_cache_early                      0x08014e79   Thumb Code   180  net_arp.o(i.net_arp_cache_early)
    net_arp_cache_find                       0x08014f35   Thumb Code   224  net_arp.o(i.net_arp_cache_find)
    net_arp_cache_init                       0x08015021   Thumb Code    64  net_arp.o(i.net_arp_cache_init)
    net_arp_cache_run                        0x08015069   Thumb Code    22  net_arp.o(i.net_arp_cache_run)
    net_arp_enqueue                          0x08015085   Thumb Code   114  net_arp.o(i.net_arp_enqueue)
    net_arp_notify                           0x080150fd   Thumb Code    32  net_arp.o(i.net_arp_notify)
    net_arp_process                          0x0801511d   Thumb Code   536  net_arp.o(i.net_arp_process)
    net_atoi                                 0x08015341   Thumb Code    66  net_common.o(i.net_atoi)
    net_chksum_buf                           0x08015383   Thumb Code    48  net_common.o(i.net_chksum_buf)
    net_crc_buf                              0x080153b3   Thumb Code    30  net_common.o(i.net_crc_buf)
    net_eth_callback                         0x080153d1   Thumb Code    14  net_eth.o(i.net_eth_callback)
    net_eth_config_mcast                     0x080153df   Thumb Code   104  net_eth.o(i.net_eth_config_mcast)
    net_eth_get_option                       0x08015447   Thumb Code   234  net_eth.o(i.net_eth_get_option)
    net_eth_iface_init                       0x08015531   Thumb Code    22  net_eth.o(i.net_eth_iface_init)
    net_eth_iface_run                        0x0801554d   Thumb Code    22  net_eth.o(i.net_eth_iface_run)
    net_eth_output                           0x08015569   Thumb Code   164  net_eth.o(i.net_eth_output)
    net_eth_send_frame                       0x08015611   Thumb Code   462  net_eth.o(i.net_eth_send_frame)
    net_eth_set_option                       0x080157f1   Thumb Code   610  net_eth.o(i.net_eth_set_option)
    net_http_server_init                     0x08015a61   Thumb Code   212  net_http_server.o(i.net_http_server_init)
    net_http_server_run                      0x08015b49   Thumb Code    30  net_http_server.o(i.net_http_server_run)
    net_icmp6_init                           0x08015b71   Thumb Code    20  net_icmp6.o(i.net_icmp6_init)
    net_icmp6_process                        0x08015b89   Thumb Code   542  net_icmp6.o(i.net_icmp6_process)
    net_icmp6_send                           0x08015dc1   Thumb Code   122  net_icmp6.o(i.net_icmp6_send)
    net_icmp6_send_echo                      0x08015e45   Thumb Code    78  net_icmp6.o(i.net_icmp6_send_echo)
    net_icmp_init                            0x08015e9d   Thumb Code    20  net_icmp.o(i.net_icmp_init)
    net_icmp_process                         0x08015eb5   Thumb Code   430  net_icmp.o(i.net_icmp_process)
    net_icmp_send_echo                       0x0801607d   Thumb Code   142  net_icmp.o(i.net_icmp_send_echo)
    net_if_map_all                           0x0801611d   Thumb Code     6  net_sys.o(i.net_if_map_all)
    net_igmp_collect_mcast                   0x08016129   Thumb Code   104  net_igmp.o(i.net_igmp_collect_mcast)
    net_igmp_host_init                       0x08016195   Thumb Code    68  net_igmp.o(i.net_igmp_host_init)
    net_igmp_host_run                        0x080161dd   Thumb Code    22  net_igmp.o(i.net_igmp_host_run)
    net_igmp_is_member                       0x080161f9   Thumb Code    28  net_igmp.o(i.net_igmp_is_member)
    net_igmp_process                         0x08016219   Thumb Code   414  net_igmp.o(i.net_igmp_process)
    net_ip4_chk_frame                        0x080163c5   Thumb Code   372  net_ip4.o(i.net_ip4_chk_frame)
    net_ip4_chksum                           0x08016551   Thumb Code    44  net_ip4.o(i.net_ip4_chksum)
    net_ip4_chksum_buf                       0x0801657d   Thumb Code     6  net_ip4.o(i.net_ip4_chksum_buf)
    net_ip4_find_route                       0x08016585   Thumb Code   104  net_ip4.o(i.net_ip4_find_route)
    net_ip4_frag_add                         0x08016605   Thumb Code   284  net_ip4_frag.o(i.net_ip4_frag_add)
    net_ip4_frag_get                         0x08016729   Thumb Code   168  net_ip4_frag.o(i.net_ip4_frag_get)
    net_ip4_frag_init                        0x080167d5   Thumb Code    12  net_ip4_frag.o(i.net_ip4_frag_init)
    net_ip4_frag_run                         0x080167e5   Thumb Code    50  net_ip4_frag.o(i.net_ip4_frag_run)
    net_ip4_get_local                        0x08016821   Thumb Code    40  net_ip4.o(i.net_ip4_get_local)
    net_ip4_init                             0x0801684d   Thumb Code    22  net_ip4.o(i.net_ip4_init)
    net_ip4_is_onlink                        0x08016871   Thumb Code    32  net_ip4.o(i.net_ip4_is_onlink)
    net_ip4_is_subcast                       0x08016891   Thumb Code    38  net_ip4.o(i.net_ip4_is_subcast)
    net_ip4_reass_frame                      0x080168b7   Thumb Code    14  net_ip4.o(i.net_ip4_reass_frame)
    net_ip4_send_frame                       0x080168c5   Thumb Code   340  net_ip4.o(i.net_ip4_send_frame)
    net_ip4_tx_offl_hl                       0x08016a29   Thumb Code    42  net_ip4.o(i.net_ip4_tx_offl_hl)
    net_ip6_chk_frame                        0x08016a55   Thumb Code   236  net_ip6.o(i.net_ip6_chk_frame)
    net_ip6_chksum                           0x08016b55   Thumb Code    50  net_ip6.o(i.net_ip6_chksum)
    net_ip6_collect_mcast                    0x08016b89   Thumb Code   118  net_ip6.o(i.net_ip6_collect_mcast)
    net_ip6_find_route                       0x08016c05   Thumb Code    56  net_ip6.o(i.net_ip6_find_route)
    net_ip6_get_local                        0x08016c4d   Thumb Code    74  net_ip6.o(i.net_ip6_get_local)
    net_ip6_init                             0x08016ca1   Thumb Code    20  net_ip6.o(i.net_ip6_init)
    net_ip6_send_frame                       0x08016cbd   Thumb Code   192  net_ip6.o(i.net_ip6_send_frame)
    net_ip6_tx_offl_hl                       0x08016d89   Thumb Code    30  net_ip6.o(i.net_ip6_tx_offl_hl)
    net_itoa                                 0x08016da7   Thumb Code     8  net_common.o(i.net_itoa)
    net_itoa_n0                              0x08016daf   Thumb Code     6  net_common.o(i.net_itoa_n0)
    net_loop_iface_init                      0x08016db5   Thumb Code    40  net_loopback.o(i.net_loop_iface_init)
    net_loop_iface_run                       0x08016de5   Thumb Code   176  net_loopback.o(i.net_loop_iface_run)
    net_loop_send_frame                      0x08016ea1   Thumb Code   104  net_loopback.o(i.net_loop_send_frame)
    net_mem_alloc                            0x08016f11   Thumb Code   178  net_mem.o(i.net_mem_alloc)
    net_mem_avail                            0x08016fd1   Thumb Code    22  net_mem.o(i.net_mem_avail)
    net_mem_free                             0x08016fed   Thumb Code   152  net_mem.o(i.net_mem_free)
    net_mem_init                             0x08017091   Thumb Code    98  net_mem.o(i.net_mem_init)
    net_mem_shrink                           0x08017101   Thumb Code    62  net_mem.o(i.net_mem_shrink)
    net_nbns_client_init                     0x08017149   Thumb Code    82  net_nbns_client.o(i.net_nbns_client_init)
    net_ndp_cache_find                       0x080171ad   Thumb Code   438  net_ndp.o(i.net_ndp_cache_find)
    net_ndp_cache_refresh                    0x08017371   Thumb Code   112  net_ndp.o(i.net_ndp_cache_refresh)
    net_ndp_enqueue                          0x080173e9   Thumb Code   108  net_ndp.o(i.net_ndp_enqueue)
    net_ndp_process                          0x08017459   Thumb Code   872  net_ndp.o(i.net_ndp_process)
    net_path                                 0x080177cd   Thumb Code    52  net_sys.o(i.net_path)
    net_ping_client_init                     0x08017805   Thumb Code    22  net_ping_core.o(i.net_ping_client_init)
    net_ping_client_run                      0x08017825   Thumb Code   110  net_ping_core.o(i.net_ping_client_run)
    net_rand32                               0x080178a5   Thumb Code    18  net_sys.o(i.net_rand32)
    net_sntp_client_init                     0x080178c1   Thumb Code    80  net_sntp_client_core.o(i.net_sntp_client_init)
    net_sntp_client_run                      0x0801791d   Thumb Code    76  net_sntp_client_core.o(i.net_sntp_client_run)
    net_sntp_client_start                    0x08017975   Thumb Code   312  net_sntp_client_core.o(i.net_sntp_client_start)
    net_strcasecmp                           0x08017abd   Thumb Code    46  net_common.o(i.net_strcasecmp)
    net_strcmp                               0x08017aeb   Thumb Code    26  net_common.o(i.net_strcmp)
    net_strcpy                               0x08017b05   Thumb Code    18  net_common.o(i.net_strcpy)
    net_strnchr                              0x08017b17   Thumb Code    28  net_common.o(i.net_strnchr)
    net_strncpy                              0x08017b33   Thumb Code    26  net_common.o(i.net_strncpy)
    net_strtoupper                           0x08017b4d   Thumb Code    32  net_common.o(i.net_strtoupper)
    net_sys_lock                             0x08017b6d   Thumb Code     8  net_sys.o(i.net_sys_lock)
    net_sys_resume                           0x08017b79   Thumb Code    22  net_sys.o(i.net_sys_resume)
    net_sys_tick                             0x08017b91   Thumb Code    16  net_sys.o(i.net_sys_tick)
    net_sys_unlock                           0x08017ba5   Thumb Code     8  net_sys.o(i.net_sys_unlock)
    net_sys_wakeup                           0x08017bb1   Thumb Code    26  net_sys.o(i.net_sys_wakeup)
    net_tcp_abort                            0x08017bd1   Thumb Code   122  net_tcp.o(i.net_tcp_abort)
    net_tcp_close                            0x08017c55   Thumb Code   218  net_tcp.o(i.net_tcp_close)
    net_tcp_get_buf                          0x08017d39   Thumb Code    46  net_tcp.o(i.net_tcp_get_buf)
    net_tcp_get_local_port                   0x08017d69   Thumb Code    48  net_tcp.o(i.net_tcp_get_local_port)
    net_tcp_get_mss                          0x08017d9d   Thumb Code    34  net_tcp.o(i.net_tcp_get_mss)
    net_tcp_get_peer                         0x08017dc5   Thumb Code    80  net_tcp.o(i.net_tcp_get_peer)
    net_tcp_get_socket                       0x08017e19   Thumb Code   104  net_tcp.o(i.net_tcp_get_socket)
    net_tcp_get_state                        0x08017e89   Thumb Code    40  net_tcp.o(i.net_tcp_get_state)
    net_tcp_get_timer                        0x08017eb5   Thumb Code    48  net_tcp.o(i.net_tcp_get_timer)
    net_tcp_listen                           0x08017ee9   Thumb Code   168  net_tcp.o(i.net_tcp_listen)
    net_tcp_process                          0x08017f99   Thumb Code  1956  net_tcp.o(i.net_tcp_process)
    net_tcp_send                             0x08018741   Thumb Code   336  net_tcp.o(i.net_tcp_send)
    net_tcp_set_option                       0x0801889d   Thumb Code   288  net_tcp.o(i.net_tcp_set_option)
    net_tcp_socket_init                      0x080189c9   Thumb Code    30  net_tcp.o(i.net_tcp_socket_init)
    net_tcp_socket_run                       0x080189f1   Thumb Code   938  net_tcp.o(i.net_tcp_socket_run)
    net_udp_close                            0x08018db1   Thumb Code    62  net_udp.o(i.net_udp_close)
    net_udp_get_buf                          0x08018df9   Thumb Code    46  net_udp.o(i.net_udp_get_buf)
    net_udp_get_socket                       0x08018e29   Thumb Code   102  net_udp.o(i.net_udp_get_socket)
    net_udp_open                             0x08018e99   Thumb Code   160  net_udp.o(i.net_udp_open)
    net_udp_process                          0x08018f45   Thumb Code   322  net_udp.o(i.net_udp_process)
    net_udp_send                             0x0801909d   Thumb Code    18  net_udp.o(i.net_udp_send)
    net_udp_send_if                          0x080190b1   Thumb Code   540  net_udp.o(i.net_udp_send_if)
    net_udp_socket_init                      0x080192dd   Thumb Code    30  net_udp.o(i.net_udp_socket_init)
    net_ultoa                                0x08019301   Thumb Code     8  net_common.o(i.net_ultoa)
    net_ultox                                0x08019309   Thumb Code    44  net_common.o(i.net_ultox)
    net_xtoul                                0x08019339   Thumb Code    76  net_common.o(i.net_xtoul)
    app_main_attr                            0x08019fe0   Data          36  http_server.o(.constdata)
    imageLastModified                        0x0801a004   Data           4  web.o(.constdata)
    Arial12x12                               0x08020c8c   Data        2400  thlcd.o(.constdata)
    osRtxUserSVC                             0x08021654   Data           4  rtx_lib.o(.constdata)
    Driver_ETH_PHY0                          0x0802165c   Data          32  phy_lan8742a.o(.constdata)
    Driver_ETH_MAC0                          0x080216cc   Data          68  emac_stm32f4xx.o(.constdata)
    Driver_SPI1                              0x08021764   Data          44  spi_stm32f4xx.o(.constdata)
    EventRecorderInfo                        0x08021790   Data          24  eventrecorder.o(.constdata)
    AHBPrescTable                            0x080217b0   Data          16  system_stm32f4xx.o(.constdata)
    APBPrescTable                            0x080217c0   Data           8  system_stm32f4xx.o(.constdata)
    net_sys_config                           0x08021870   Data          28  net_config.o(.constdata)
    net_eth0_if_config                       0x080218e4   Data          44  net_config.o(.constdata)
    net_eth_list                             0x08021910   Data           8  net_config.o(.constdata)
    net_if_list_lan                          0x08021918   Data           8  net_config.o(.constdata)
    net_if_list_all                          0x08021920   Data           8  net_config.o(.constdata)
    net_if_inet_def                          0x08021928   Data           8  net_config.o(.constdata)
    net_if_link_def                          0x08021930   Data           8  net_config.o(.constdata)
    net_arp_list                             0x08021938   Data           8  net_config.o(.constdata)
    net_icmp_list                            0x08021940   Data           8  net_config.o(.constdata)
    net_igmp_list                            0x08021948   Data           8  net_config.o(.constdata)
    net_icmp6_list                           0x08021950   Data           4  net_config.o(.constdata)
    net_ip4_frag_config                      0x08021954   Data           8  net_config.o(.constdata)
    net_udp_config                           0x0802195c   Data          12  net_config.o(.constdata)
    net_tcp_config                           0x08021968   Data          24  net_config.o(.constdata)
    net_http_config                          0x08021980   Data          52  net_config.o(.constdata)
    net_sntp_config                          0x080219b4   Data           8  net_config.o(.constdata)
    netif_getopt_func                        0x08021a14   Data          16  net_config.o(.constdata)
    netif_setopt_func                        0x08021a24   Data          16  net_config.o(.constdata)
    net_loop_if_config                       0x08021a3c   Data          44  net_loopback.o(.constdata)
    net_ping_payload                         0x08021b76   Data          18  net_ping_core.o(.constdata)
    net_addr_unspec                          0x08021b88   Data          16  net_addr.o(.constdata)
    net_addr_bcast                           0x08021b98   Data           6  net_addr.o(.constdata)
    net_addr4_loopback                       0x08021b9e   Data           4  net_ip4.o(.constdata)
    net_addr6_all_nodes                      0x08021ba2   Data          16  net_ip6.o(.constdata)
    net_addr6_loopback                       0x08021bb2   Data          16  net_ip6.o(.constdata)
    net_http_error                           0x08021bc4   Data          24  net_http_server_err.o(.constdata)
    net_lib_version                          0x08021bec   Data           4  net_version.o(.constdata)
    network_ip4ip6_debug_v7.15.0             0x08021bec   Data           4  net_version.o(.constdata)
    osRtxConfig                              0x08021fc0   Data         112  rtx_lib.o(.rodata)
    os_cb_sections                           0x08022030   Data          56  rtx_lib.o(.rodata)
    Region$$Table$$Base                      0x08022068   Number         0  anon$$obj.o(Region$$Table)
    Region$$Table$$Limit                     0x08022098   Number         0  anon$$obj.o(Region$$Table)
    .bss.os.msgqueue.cb$$Base                0x20008044   Number         0  rtx_lib.o(.bss.os.msgqueue.cb)
    .bss.os.msgqueue.cb$$Limit               0x20008078   Number         0  rtx_lib.o(.bss.os.msgqueue.cb)
    .bss.os.mutex.cb$$Base                   0x200080c8   Number         0  net_config.o(.bss.os.mutex.cb)
    .bss.os.mutex.cb$$Limit                  0x20008100   Number         0  net_config.o(.bss.os.mutex.cb)
    .bss.os.semaphore.cb$$Base               0x20008100   Number         0  net_config.o(.bss.os.semaphore.cb)
    .bss.os.semaphore.cb$$Limit              0x20008110   Number         0  net_config.o(.bss.os.semaphore.cb)
    .bss.os.thread.cb$$Base                  0x20008110   Number         0  rtx_lib.o(.bss.os.thread.cb)
    .bss.os.thread.cb$$Limit                 0x20008220   Number         0  net_config.o(.bss.os.thread.cb)
    .bss.os.timer.cb$$Base                   0x20008620   Number         0  net_config.o(.bss.os.timer.cb)
    .bss.os.timer.cb$$Limit                  0x20008640   Number         0  net_config.o(.bss.os.timer.cb)
    Parp_LED_R                               0x20008644   Data           1  http_server.o(.data)
    LEDrun                                   0x20008645   Data           1  http_server.o(.data)
    flag                                     0x20008648   Data           4  http_server.o(.data)
    TID_Display                              0x2000864c   Data           4  http_server.o(.data)
    TID_Led                                  0x20008650   Data           4  http_server.o(.data)
    TID_RTC                                  0x20008654   Data           4  http_server.o(.data)
    TID_ALARM                                0x20008658   Data           4  http_server.o(.data)
    TID_PULSADOR                             0x2000865c   Data           4  http_server.o(.data)
    TID_LPM                                  0x20008660   Data           4  http_server.o(.data)
    tim_timer_1sec                           0x20008664   Data           4  http_server.o(.data)
    tim_timer_6sec                           0x20008668   Data           4  http_server.o(.data)
    tim_timer_3min                           0x2000866c   Data           4  http_server.o(.data)
    tim_timer_100ms                          0x20008670   Data           4  http_server.o(.data)
    tim_timer_15s                            0x20008674   Data           4  http_server.o(.data)
    lcd_text                                 0x20008678   Data          42  http_server.o(.data)
    positionL1                               0x200086ac   Data           1  thlcd.o(.data)
    positionL2                               0x200086ad   Data           1  thlcd.o(.data)
    SPIdrv                                   0x200086b0   Data           4  thlcd.o(.data)
    sdatestructure                           0x200086b4   Data           4  rtc.o(.data)
    SNTPOK                                   0x200086b8   Data           1  sntp.o(.data)
    uwTickFreq                               0x200086bc   Data           1  stm32f4xx_hal.o(.data)
    uwTickPrio                               0x200086c0   Data           4  stm32f4xx_hal.o(.data)
    uwTick                                   0x200086c4   Data           4  stm32f4xx_hal.o(.data)
    SystemCoreClock                          0x200086c8   Data           4  system_stm32f4xx.o(.data)
    net_eth0_igmp_control                    0x200086da   Data           4  net_igmp.o(.data)
    net_eth0_icmp_control                    0x200086e8   Data           1  net_icmp.o(.data)
    osRtxInfo                                0x2000870c   Data         164  rtx_kernel.o(.data.os)
    rtc_text                                 0x200087b0   Data          42  http_server.o(.bss)
    aShowTime                                0x200087da   Data          10  http_server.o(.bss)
    aShowDate                                0x200087e4   Data          10  http_server.o(.bss)
    adchandle                                0x200087f0   Data          72  http_server.o(.bss)
    app_main_stk                             0x20008838   Data        1024  http_server.o(.bss)
    tim7                                     0x20008c70   Data          64  thlcd.o(.bss)
    buffer                                   0x20008cb0   Data         512  thlcd.o(.bss)
    RtcHandle                                0x20008eb0   Data          32  rtc.o(.bss)
    stimestructure                           0x20008ed0   Data          20  rtc.o(.bss)
    alarmstrcut                              0x20008ee4   Data          40  rtc.o(.bss)
    SNTP_Date_Hour                           0x20008f0c   Data          44  sntp.o(.bss)
    net_eth0_if_control                      0x2000f018   Data         160  net_eth.o(.bss)
    net_eth0_arp_control                     0x2000f0b8   Data          24  net_arp.o(.bss)
    net_http_control                         0x2000f170   Data          20  net_http_server.o(.bss)
    net_sntp_control                         0x2000f184   Data          44  net_sntp_client_core.o(.bss)
    net_ping_control                         0x2000f1b0   Data          44  net_ping_core.o(.bss)
    net_sys_control                          0x2000f1ec   Data          28  net_sys.o(.bss)
    net_dbg_buf                              0x2000f214   Data          36  net_sys.o(.bss)
    __initial_sp                             0x2000f6d8   Data           0  startup_stm32f429xx.o(STACK)



==============================================================================

Memory Map of the image

  Image Entry point : 0x080001ad

  Load Region LR_IROM1 (Base: 0x08000000, Size: 0x0002a848, Max: 0x00200000, ABSOLUTE, COMPRESSED[0x000221d0])

    Execution Region ER_IROM1 (Exec base: 0x08000000, Load base: 0x08000000, Size: 0x00022098, Max: 0x00200000, ABSOLUTE)

    Exec Addr    Load Addr    Size         Type   Attr      Idx    E Section Name        Object

    0x08000000   0x08000000   0x000001ac   Data   RO         1671    RESET               startup_stm32f429xx.o
    0x080001ac   0x080001ac   0x00000000   Code   RO         2781  * .ARM.Collect$$$$00000000  mc_w.l(entry.o)
    0x080001ac   0x080001ac   0x00000004   Code   RO         3077    .ARM.Collect$$$$00000001  mc_w.l(entry2.o)
    0x080001b0   0x080001b0   0x00000004   Code   RO         3080    .ARM.Collect$$$$00000004  mc_w.l(entry5.o)
    0x080001b4   0x080001b4   0x00000000   Code   RO         3082    .ARM.Collect$$$$00000008  mc_w.l(entry7b.o)
    0x080001b4   0x080001b4   0x00000000   Code   RO         3084    .ARM.Collect$$$$0000000A  mc_w.l(entry8b.o)
    0x080001b4   0x080001b4   0x00000008   Code   RO         3085    .ARM.Collect$$$$0000000B  mc_w.l(entry9a.o)
    0x080001bc   0x080001bc   0x00000004   Code   RO         3092    .ARM.Collect$$$$0000000E  mc_w.l(entry12b.o)
    0x080001c0   0x080001c0   0x00000000   Code   RO         3087    .ARM.Collect$$$$0000000F  mc_w.l(entry10a.o)
    0x080001c0   0x080001c0   0x00000000   Code   RO         3089    .ARM.Collect$$$$00000011  mc_w.l(entry11a.o)
    0x080001c0   0x080001c0   0x00000004   Code   RO         3078    .ARM.Collect$$$$00002712  mc_w.l(entry2.o)
    0x080001c4   0x080001c4   0x00000148   Code   RO          788    .emb_text           rtx_mempool.o
    0x0800030c   0x0800030c   0x00000148   Code   RO          819    .emb_text           rtx_msgqueue.o
    0x08000454   0x08000454   0x00000148   Code   RO          884    .emb_text           rtx_semaphore.o
    0x0800059c   0x0800059c   0x00000148   Code   RO          915    .emb_text           rtx_system.o
    0x080006e4   0x080006e4   0x00000148   Code   RO          949    .emb_text           rtx_thread.o
    0x0800082c   0x0800082c   0x00000074   Code   RO         1170    .emb_text           eventrecorder.o
    0x080008a0   0x080008a0   0x00000110   Code   RO            4    .text               main.o
    0x080009b0   0x080009b0   0x00000354   Code   RO          153    .text               http_server.o
    0x08000d04   0x08000d04   0x00000718   Code   RO          237    .text               http_server_cgi.o
    0x0800141c   0x0800141c   0x00000078   Code   RO          269    .text               web.o
    0x08001494   0x08001494   0x0000019c   Code   RO          289    .text               leds.o
    0x08001630   0x08001630   0x00000420   Code   RO          313    .text               thlcd.o
    0x08001a50   0x08001a50   0x00000048   Code   RO          358    .text               stm32f4xx_it.o
    0x08001a98   0x08001a98   0x000000e4   Code   RO          386    .text               adc.o
    0x08001b7c   0x08001b7c   0x000001c0   Code   RO          410    .text               rtc.o
    0x08001d3c   0x08001d3c   0x000000ec   Code   RO          448    .text               sntp.o
    0x08001e28   0x08001e28   0x000001c8   Code   RO          479    .text               lpm.o
    0x08001ff0   0x08001ff0   0x000000a4   Code   RO          506    .text               buttons_nucleo_f429zi.o
    0x08002094   0x08002094   0x00000094   Code   RO          530    .text               irq_armv7m.o
    0x08002128   0x08002128   0x00000104   Code   RO          538    .text               rtx_delay.o
    0x0800222c   0x0800222c   0x00000958   Code   RO          636    .text               rtx_evr.o
    0x08002b84   0x08002b84   0x000006cc   Code   RO          661    .text               rtx_kernel.o
    0x08003250   0x08003250   0x00000018   Code   RO          709    .text               rtx_lib.o
    0x08003268   0x08003268   0x00000124   Code   RO          758    .text               rtx_memory.o
    0x0800338c   0x0800338c   0x00000678   Code   RO          789    .text               rtx_mempool.o
    0x08003a04   0x08003a04   0x000009bc   Code   RO          820    .text               rtx_msgqueue.o
    0x080043c0   0x080043c0   0x00000558   Code   RO          854    .text               rtx_mutex.o
    0x08004918   0x08004918   0x00000450   Code   RO          885    .text               rtx_semaphore.o
    0x08004d68   0x08004d68   0x00000154   Code   RO          916    .text               rtx_system.o
    0x08004ebc   0x08004ebc   0x000011d4   Code   RO          950    .text               rtx_thread.o
    0x08006090   0x08006090   0x00000480   Code   RO          984    .text               rtx_timer.o
    0x08006510   0x08006510   0x000000c4   Code   RO         1014    .text               os_systick.o
    0x080065d4   0x080065d4   0x00000004   Code   RO         1040    .text               rtx_config.o
    0x080065d8   0x080065d8   0x000001ac   Code   RO         1061    .text               phy_lan8742a.o
    0x08006784   0x08006784   0x000009e8   Code   RO         1089    .text               emac_stm32f4xx.o
    0x0800716c   0x0800716c   0x00000c5c   Code   RO         1131    .text               spi_stm32f4xx.o
    0x08007dc8   0x08007dc8   0x00000538   Code   RO         1171    .text               eventrecorder.o
    0x08008300   0x08008300   0x000001c8   Code   RO         1205    .text               stm32f4xx_hal.o
    0x080084c8   0x080084c8   0x00000ab8   Code   RO         1235    .text               stm32f4xx_hal_adc.o
    0x08008f80   0x08008f80   0x00000724   Code   RO         1259    .text               stm32f4xx_hal_adc_ex.o
    0x080096a4   0x080096a4   0x00000298   Code   RO         1283    .text               stm32f4xx_hal_cortex.o
    0x0800993c   0x0800993c   0x00000718   Code   RO         1311    .text               stm32f4xx_hal_dma.o
    0x0800a054   0x0800a054   0x00000c28   Code   RO         1360    .text               stm32f4xx_hal_eth.o
    0x0800ac7c   0x0800ac7c   0x00000364   Code   RO         1384    .text               stm32f4xx_hal_gpio.o
    0x0800afe0   0x0800afe0   0x00000178   Code   RO         1408    .text               stm32f4xx_hal_pwr.o
    0x0800b158   0x0800b158   0x00000760   Code   RO         1456    .text               stm32f4xx_hal_rcc.o
    0x0800b8b8   0x0800b8b8   0x000005e4   Code   RO         1480    .text               stm32f4xx_hal_rcc_ex.o
    0x0800be9c   0x0800be9c   0x00000970   Code   RO         1504    .text               stm32f4xx_hal_rtc.o
    0x0800c80c   0x0800c80c   0x00000b0c   Code   RO         1528    .text               stm32f4xx_hal_rtc_ex.o
    0x0800d318   0x0800d318   0x000023d2   Code   RO         1600    .text               stm32f4xx_hal_tim.o
    0x0800f6ea   0x0800f6ea   0x00000002   PAD
    0x0800f6ec   0x0800f6ec   0x00000bb0   Code   RO         1624    .text               stm32f4xx_hal_tim_ex.o
    0x0801029c   0x0801029c   0x00000024   Code   RO         1672    .text               startup_stm32f429xx.o
    0x080102c0   0x080102c0   0x00000094   Code   RO         1679    .text               system_stm32f4xx.o
    0x08010354   0x08010354   0x00000164   Code   RO         1708    .text               net_config.o
    0x080104b8   0x080104b8   0x00000152   Code   RO         1803    .text               net_debug.o
    0x0801060a   0x0801060a   0x00000062   Code   RO         2784    .text               mc_w.l(uldiv.o)
    0x0801066c   0x0801066c   0x00000094   Code   RO         2786    .text               mc_w.l(localtime.o)
    0x08010700   0x08010700   0x00000024   Code   RO         2790    .text               mc_w.l(memcpya.o)
    0x08010724   0x08010724   0x00000024   Code   RO         2792    .text               mc_w.l(memseta.o)
    0x08010748   0x08010748   0x0000000e   Code   RO         2794    .text               mc_w.l(strlen.o)
    0x08010756   0x08010756   0x0000001c   Code   RO         2796    .text               mc_w.l(strcmp.o)
    0x08010772   0x08010772   0x0000001a   Code   RO         2798    .text               mc_w.l(memcmp.o)
    0x0801078c   0x0801078c   0x00000012   Code   RO         2800    .text               mc_w.l(strcpy.o)
    0x0801079e   0x0801079e   0x0000001e   Code   RO         2802    .text               mc_w.l(strncmp.o)
    0x080107bc   0x080107bc   0x00000064   Code   RO         3067    .text               mf_w.l(fmul.o)
    0x08010820   0x08010820   0x0000002e   Code   RO         3069    .text               mf_w.l(dscalb.o)
    0x0801084e   0x0801084e   0x0000000a   Code   RO         3071    .text               mf_w.l(ffltui.o)
    0x08010858   0x08010858   0x00000032   Code   RO         3073    .text               mf_w.l(ffixi.o)
    0x0801088a   0x0801088a   0x00000026   Code   RO         3075    .text               mf_w.l(f2d.o)
    0x080108b0   0x080108b0   0x0000002c   Code   RO         3096    .text               mc_w.l(uidiv.o)
    0x080108dc   0x080108dc   0x0000001e   Code   RO         3098    .text               mc_w.l(llshl.o)
    0x080108fa   0x080108fa   0x00000020   Code   RO         3100    .text               mc_w.l(llushr.o)
    0x0801091a   0x0801091a   0x00000000   Code   RO         3102    .text               mc_w.l(iusefp.o)
    0x0801091a   0x0801091a   0x0000006e   Code   RO         3103    .text               mf_w.l(fepilogue.o)
    0x08010988   0x08010988   0x0000014e   Code   RO         3105    .text               mf_w.l(dadd.o)
    0x08010ad6   0x08010ad6   0x000000e4   Code   RO         3107    .text               mf_w.l(dmul.o)
    0x08010bba   0x08010bba   0x000000de   Code   RO         3109    .text               mf_w.l(ddiv.o)
    0x08010c98   0x08010c98   0x00000030   Code   RO         3111    .text               mf_w.l(dfixul.o)
    0x08010cc8   0x08010cc8   0x00000030   Code   RO         3113    .text               mf_w.l(cdrcmple.o)
    0x08010cf8   0x08010cf8   0x00000024   Code   RO         3115    .text               mc_w.l(init.o)
    0x08010d1c   0x08010d1c   0x00000024   Code   RO         3118    .text               mc_w.l(llsshr.o)
    0x08010d40   0x08010d40   0x000000ba   Code   RO         3121    .text               mf_w.l(depilogue.o)
    0x08010dfa   0x08010dfa   0x00000056   Code   RO         3130    .text               mc_w.l(__dczerorl2.o)
    0x08010e50   0x08010e50   0x00000028   Code   RO         3041    i.__0sprintf        mc_w.l(printfa.o)
    0x08010e78   0x08010e78   0x0000000e   Code   RO         3124    i.__scatterload_copy  mc_w.l(handlers.o)
    0x08010e86   0x08010e86   0x00000002   Code   RO         3125    i.__scatterload_null  mc_w.l(handlers.o)
    0x08010e88   0x08010e88   0x0000000e   Code   RO         3126    i.__scatterload_zeroinit  mc_w.l(handlers.o)
    0x08010e96   0x08010e96   0x00000002   PAD
    0x08010e98   0x08010e98   0x00000184   Code   RO         3046    i._fp_digits        mc_w.l(printfa.o)
    0x0801101c   0x0801101c   0x000006b4   Code   RO         3047    i._printf_core      mc_w.l(printfa.o)
    0x080116d0   0x080116d0   0x00000024   Code   RO         3048    i._printf_post_padding  mc_w.l(printfa.o)
    0x080116f4   0x080116f4   0x0000002e   Code   RO         3049    i._printf_pre_padding  mc_w.l(printfa.o)
    0x08011722   0x08011722   0x0000000a   Code   RO         3051    i._sputc            mc_w.l(printfa.o)
    0x0801172c   0x0801172c   0x00000054   Code   RO         2242    i.add_server_id     Net_Dbg_CM3_L.lib(net_http_server.o)
    0x08011780   0x08011780   0x0000005c   Code   RO         1889    i.arp_cache_alloc   Net_Dbg_CM3_L.lib(net_arp.o)
    0x080117dc   0x080117dc   0x00000170   Code   RO         1890    i.arp_cache_run     Net_Dbg_CM3_L.lib(net_arp.o)
    0x0801194c   0x0801194c   0x00000038   Code   RO         1891    i.arp_is_cacheable  Net_Dbg_CM3_L.lib(net_arp.o)
    0x08011984   0x08011984   0x00000088   Code   RO         1892    i.arp_probe_run     Net_Dbg_CM3_L.lib(net_arp.o)
    0x08011a0c   0x08011a0c   0x000000d8   Code   RO         1894    i.arp_proc_response  Net_Dbg_CM3_L.lib(net_arp.o)
    0x08011ae4   0x08011ae4   0x0000001a   Code   RO         1895    i.arp_que_free      Net_Dbg_CM3_L.lib(net_arp.o)
    0x08011afe   0x08011afe   0x00000002   PAD
    0x08011b00   0x08011b00   0x000000a0   Code   RO         1896    i.arp_send_reply    Net_Dbg_CM3_L.lib(net_arp.o)
    0x08011ba0   0x08011ba0   0x000000d0   Code   RO         1897    i.arp_send_request  Net_Dbg_CM3_L.lib(net_arp.o)
    0x08011c70   0x08011c70   0x00000068   Code   RO         1898    i.arp_sender_valid  Net_Dbg_CM3_L.lib(net_arp.o)
    0x08011cd8   0x08011cd8   0x0000018c   Code   RO         2243    i.chk_post_req      Net_Dbg_CM3_L.lib(net_http_server.o)
    0x08011e64   0x08011e64   0x00000028   Code   RO         2721    i.crc32_8bit        Net_Dbg_CM3_L.lib(net_common.o)
    0x08011e8c   0x08011e8c   0x0000009a   Code   RO         1833    i.eth_check_link    Net_Dbg_CM3_L.lib(net_eth.o)
    0x08011f26   0x08011f26   0x00000002   PAD
    0x08011f28   0x08011f28   0x00000020   Code   RO         1834    i.eth_if_map        Net_Dbg_CM3_L.lib(net_eth.o)
    0x08011f48   0x08011f48   0x00000304   Code   RO         1835    i.eth_iface_init    Net_Dbg_CM3_L.lib(net_eth.o)
    0x0801224c   0x0801224c   0x00000290   Code   RO         1836    i.eth_iface_run     Net_Dbg_CM3_L.lib(net_eth.o)
    0x080124dc   0x080124dc   0x00000008   Code   RO         1838    i.eth_lock          Net_Dbg_CM3_L.lib(net_eth.o)
    0x080124e4   0x080124e4   0x0000001c   Code   RO         1839    i.eth_mtu_limit     Net_Dbg_CM3_L.lib(net_eth.o)
    0x08012500   0x08012500   0x00000048   Code   RO         1840    i.eth_opt_len       Net_Dbg_CM3_L.lib(net_eth.o)
    0x08012548   0x08012548   0x00000088   Code   RO         1841    i.eth_receive       Net_Dbg_CM3_L.lib(net_eth.o)
    0x080125d0   0x080125d0   0x00000008   Code   RO         1842    i.eth_unlock        Net_Dbg_CM3_L.lib(net_eth.o)
    0x080125d8   0x080125d8   0x0000007c   Code   RO         2006    i.frag_map_session  Net_Dbg_CM3_L.lib(net_ip4_frag.o)
    0x08012654   0x08012654   0x00000028   Code   RO         2244    i.get_next_field    Net_Dbg_CM3_L.lib(net_http_server.o)
    0x0801267c   0x0801267c   0x00000032   Code   RO         2245    i.get_next_par      Net_Dbg_CM3_L.lib(net_http_server.o)
    0x080126ae   0x080126ae   0x00000022   Code   RO         2246    i.hex2byte          Net_Dbg_CM3_L.lib(net_http_server.o)
    0x080126d0   0x080126d0   0x0000036c   Code   RO         2247    i.http_add_header   Net_Dbg_CM3_L.lib(net_http_server.o)
    0x08012a3c   0x08012a3c   0x000001cc   Code   RO         2248    i.http_error_msg    Net_Dbg_CM3_L.lib(net_http_server.o)
    0x08012c08   0x08012c08   0x00000078   Code   RO         2249    i.http_get_ftype    Net_Dbg_CM3_L.lib(net_http_server.o)
    0x08012c80   0x08012c80   0x0000005e   Code   RO         2250    i.http_kill_session  Net_Dbg_CM3_L.lib(net_http_server.o)
    0x08012cde   0x08012cde   0x00000002   PAD
    0x08012ce0   0x08012ce0   0x000002a8   Code   RO         2251    i.http_listener     Net_Dbg_CM3_L.lib(net_http_server.o)
    0x08012f88   0x08012f88   0x00000184   Code   RO         2252    i.http_open_file    Net_Dbg_CM3_L.lib(net_http_server.o)
    0x0801310c   0x0801310c   0x0000011c   Code   RO         2253    i.http_parse_header  Net_Dbg_CM3_L.lib(net_http_server.o)
    0x08013228   0x08013228   0x000001a8   Code   RO         2254    i.http_proc_multipart  Net_Dbg_CM3_L.lib(net_http_server.o)
    0x080133d0   0x080133d0   0x00000138   Code   RO         2255    i.http_proc_post    Net_Dbg_CM3_L.lib(net_http_server.o)
    0x08013508   0x08013508   0x00000468   Code   RO         2256    i.http_server_run   Net_Dbg_CM3_L.lib(net_http_server.o)
    0x08013970   0x08013970   0x00000060   Code   RO         2257    i.http_server_start  Net_Dbg_CM3_L.lib(net_http_server.o)
    0x080139d0   0x080139d0   0x00000020   Code   RO         2259    i.http_strcpy       Net_Dbg_CM3_L.lib(net_http_server.o)
    0x080139f0   0x080139f0   0x000000ac   Code   RO         2260    i.http_to_utc       Net_Dbg_CM3_L.lib(net_http_server.o)
    0x08013a9c   0x08013a9c   0x0000001a   Code   RO         2722    i.i2str             Net_Dbg_CM3_L.lib(net_common.o)
    0x08013ab6   0x08013ab6   0x00000002   PAD
    0x08013ab8   0x08013ab8   0x0000009c   Code   RO         1956    i.igmp_host_run     Net_Dbg_CM3_L.lib(net_igmp.o)
    0x08013b54   0x08013b54   0x00000024   Code   RO         1957    i.igmp_map_group    Net_Dbg_CM3_L.lib(net_igmp.o)
    0x08013b78   0x08013b78   0x00000070   Code   RO         1958    i.igmp_send_report  Net_Dbg_CM3_L.lib(net_igmp.o)
    0x08013be8   0x08013be8   0x0000000c   Code   RO         2599    i.ip4_get_chksum    Net_Dbg_CM3_L.lib(net_ip4.o)
    0x08013bf4   0x08013bf4   0x00000028   Code   RO         2600    i.ip4_get_mtu       Net_Dbg_CM3_L.lib(net_ip4.o)
    0x08013c1c   0x08013c1c   0x00000040   Code   RO         2462    i.ip4_ntoa          Net_Dbg_CM3_L.lib(net_addr.o)
    0x08013c5c   0x08013c5c   0x000000ca   Code   RO         2463    i.ip6_ntoa          Net_Dbg_CM3_L.lib(net_addr.o)
    0x08013d26   0x08013d26   0x00000002   PAD
    0x08013d28   0x08013d28   0x0000000c   Code   RO         2698    i.mem_lock          Net_Dbg_CM3_L.lib(net_mem.o)
    0x08013d34   0x08013d34   0x0000000c   Code   RO         2699    i.mem_unlock        Net_Dbg_CM3_L.lib(net_mem.o)
    0x08013d40   0x08013d40   0x000001a4   Code   RO         2228    i.nbns_listener     Net_Dbg_CM3_L.lib(net_nbns_client.o)
    0x08013ee4   0x08013ee4   0x00000120   Code   RO         2529    i.ndp_cache_add     Net_Dbg_CM3_L.lib(net_ndp.o)
    0x08014004   0x08014004   0x00000072   Code   RO         2530    i.ndp_cache_alloc   Net_Dbg_CM3_L.lib(net_ndp.o)
    0x08014076   0x08014076   0x00000002   PAD
    0x08014078   0x08014078   0x00000078   Code   RO         2531    i.ndp_cache_delete  Net_Dbg_CM3_L.lib(net_ndp.o)
    0x080140f0   0x080140f0   0x0000002c   Code   RO         2533    i.ndp_check_frame   Net_Dbg_CM3_L.lib(net_ndp.o)
    0x0801411c   0x0801411c   0x00000012   Code   RO         2534    i.ndp_next_opt      Net_Dbg_CM3_L.lib(net_ndp.o)
    0x0801412e   0x0801412e   0x00000002   PAD
    0x08014130   0x08014130   0x000000e4   Code   RO         2535    i.ndp_prefix_add    Net_Dbg_CM3_L.lib(net_ndp.o)
    0x08014214   0x08014214   0x000000fc   Code   RO         2538    i.ndp_proc_response  Net_Dbg_CM3_L.lib(net_ndp.o)
    0x08014310   0x08014310   0x0000001a   Code   RO         2539    i.ndp_que_free      Net_Dbg_CM3_L.lib(net_ndp.o)
    0x0801432a   0x0801432a   0x00000002   PAD
    0x0801432c   0x0801432c   0x00000038   Code   RO         2540    i.ndp_router_remove  Net_Dbg_CM3_L.lib(net_ndp.o)
    0x08014364   0x08014364   0x0000009c   Code   RO         2541    i.ndp_send_reply    Net_Dbg_CM3_L.lib(net_ndp.o)
    0x08014400   0x08014400   0x000000bc   Code   RO         2542    i.ndp_send_request  Net_Dbg_CM3_L.lib(net_ndp.o)
    0x080144bc   0x080144bc   0x00000004   Code   RO         2261    i.netCGI_Charset    Net_Dbg_CM3_L.lib(net_http_server.o)
    0x080144c0   0x080144c0   0x00000004   Code   RO         2262    i.netCGI_ContentType  Net_Dbg_CM3_L.lib(net_http_server.o)
    0x080144c4   0x080144c4   0x00000004   Code   RO         2263    i.netCGI_CustomHeader  Net_Dbg_CM3_L.lib(net_http_server.o)
    0x080144c8   0x080144c8   0x0000006c   Code   RO         2264    i.netCGI_GetEnvVar  Net_Dbg_CM3_L.lib(net_http_server.o)
    0x08014534   0x08014534   0x00000004   Code   RO         2267    i.netCGI_Redirect   Net_Dbg_CM3_L.lib(net_http_server.o)
    0x08014538   0x08014538   0x00000004   Code   RO         2269    i.netCGX_ContentType  Net_Dbg_CM3_L.lib(net_http_server.o)
    0x0801453c   0x0801453c   0x00000064   Code   RO         2412    i.netCore_Thread    Net_Dbg_CM3_L.lib(net_sys.o)
    0x080145a0   0x080145a0   0x00000002   Code   RO         1843    i.netETH_Notify     Net_Dbg_CM3_L.lib(net_eth.o)
    0x080145a2   0x080145a2   0x00000002   Code   RO         1844    i.netETH_ReceiveRaw  Net_Dbg_CM3_L.lib(net_eth.o)
    0x080145a4   0x080145a4   0x00000072   Code   RO         1846    i.netETH_Thread     Net_Dbg_CM3_L.lib(net_eth.o)
    0x08014616   0x08014616   0x00000004   Code   RO         2270    i.netHTTPs_AcceptClient  Net_Dbg_CM3_L.lib(net_http_server.o)
    0x0801461a   0x0801461a   0x00000004   Code   RO         2272    i.netHTTPs_FileAccess  Net_Dbg_CM3_L.lib(net_http_server.o)
    0x0801461e   0x0801461e   0x00000002   PAD
    0x08014620   0x08014620   0x00000020   Code   RO         2275    i.netHTTPs_GetLanguage  Net_Dbg_CM3_L.lib(net_http_server.o)
    0x08014640   0x08014640   0x0000000c   Code   RO         2276    i.netHTTPs_GetPassword  Net_Dbg_CM3_L.lib(net_http_server.o)
    0x0801464c   0x0801464c   0x0000000c   Code   RO         2282    i.netHTTPs_LoginActive  Net_Dbg_CM3_L.lib(net_http_server.o)
    0x08014658   0x08014658   0x00000058   Code   RO         2285    i.netHTTPs_SetPassword  Net_Dbg_CM3_L.lib(net_http_server.o)
    0x080146b0   0x080146b0   0x00000088   Code   RO         2413    i.netIF_GetOption   Net_Dbg_CM3_L.lib(net_sys.o)
    0x08014738   0x08014738   0x00000084   Code   RO         2415    i.netIF_SetOption   Net_Dbg_CM3_L.lib(net_sys.o)
    0x080147bc   0x080147bc   0x0000001a   Code   RO         2465    i.netIP_aton        Net_Dbg_CM3_L.lib(net_addr.o)
    0x080147d6   0x080147d6   0x00000032   Code   RO         2466    i.netIP_ntoa        Net_Dbg_CM3_L.lib(net_addr.o)
    0x08014808   0x08014808   0x000000ac   Code   RO         2416    i.netInitialize     Net_Dbg_CM3_L.lib(net_sys.o)
    0x080148b4   0x080148b4   0x0000008c   Code   RO         2467    i.netMAC_aton       Net_Dbg_CM3_L.lib(net_addr.o)
    0x08014940   0x08014940   0x0000001c   Code   RO         2365    i.netSNTPc_GetTime  Net_Dbg_CM3_L.lib(net_sntp_client_core.o)
    0x0801495c   0x0801495c   0x00000004   Code   RO         2109    i.netTCP_GetLocalPort  Net_Dbg_CM3_L.lib(net_tcp.o)
    0x08014960   0x08014960   0x00000020   Code   RO         2111    i.netTCP_GetPeer    Net_Dbg_CM3_L.lib(net_tcp.o)
    0x08014980   0x08014980   0x00000004   Code   RO         2113    i.netTCP_GetState   Net_Dbg_CM3_L.lib(net_tcp.o)
    0x08014984   0x08014984   0x00000004   Code   RO         2114    i.netTCP_GetTimer   Net_Dbg_CM3_L.lib(net_tcp.o)
    0x08014988   0x08014988   0x0000007c   Code   RO         2469    i.net_addr4_aton    Net_Dbg_CM3_L.lib(net_addr.o)
    0x08014a04   0x08014a04   0x0000001e   Code   RO         2471    i.net_addr4_to_mac  Net_Dbg_CM3_L.lib(net_addr.o)
    0x08014a22   0x08014a22   0x00000002   PAD
    0x08014a24   0x08014a24   0x000000e6   Code   RO         2472    i.net_addr6_aton    Net_Dbg_CM3_L.lib(net_addr.o)
    0x08014b0a   0x08014b0a   0x00000028   Code   RO         2473    i.net_addr6_comp    Net_Dbg_CM3_L.lib(net_addr.o)
    0x08014b32   0x08014b32   0x00000012   Code   RO         2474    i.net_addr6_copy    Net_Dbg_CM3_L.lib(net_addr.o)
    0x08014b44   0x08014b44   0x0000004c   Code   RO         2475    i.net_addr6_create  Net_Dbg_CM3_L.lib(net_addr.o)
    0x08014b90   0x08014b90   0x00000028   Code   RO         2476    i.net_addr6_get_solicited  Net_Dbg_CM3_L.lib(net_addr.o)
    0x08014bb8   0x08014bb8   0x00000018   Code   RO         2477    i.net_addr6_is_linklocal  Net_Dbg_CM3_L.lib(net_addr.o)
    0x08014bd0   0x08014bd0   0x0000006e   Code   RO         2478    i.net_addr6_is_onlink  Net_Dbg_CM3_L.lib(net_addr.o)
    0x08014c3e   0x08014c3e   0x00000048   Code   RO         2479    i.net_addr6_is_solicited  Net_Dbg_CM3_L.lib(net_addr.o)
    0x08014c86   0x08014c86   0x00000018   Code   RO         2480    i.net_addr6_is_unspec  Net_Dbg_CM3_L.lib(net_addr.o)
    0x08014c9e   0x08014c9e   0x0000000e   Code   RO         2482    i.net_addr6_to_mac  Net_Dbg_CM3_L.lib(net_addr.o)
    0x08014cac   0x08014cac   0x0000002c   Code   RO         2483    i.net_addr_comp     Net_Dbg_CM3_L.lib(net_addr.o)
    0x08014cd8   0x08014cd8   0x00000026   Code   RO         2484    i.net_addr_copy     Net_Dbg_CM3_L.lib(net_addr.o)
    0x08014cfe   0x08014cfe   0x0000001a   Code   RO         2485    i.net_addr_find_route  Net_Dbg_CM3_L.lib(net_addr.o)
    0x08014d18   0x08014d18   0x00000020   Code   RO         2487    i.net_addr_get_local  Net_Dbg_CM3_L.lib(net_addr.o)
    0x08014d38   0x08014d38   0x00000022   Code   RO         2488    i.net_addr_is_unspec  Net_Dbg_CM3_L.lib(net_addr.o)
    0x08014d5a   0x08014d5a   0x00000002   PAD
    0x08014d5c   0x08014d5c   0x0000011c   Code   RO         1906    i.net_arp_cache_add  Net_Dbg_CM3_L.lib(net_arp.o)
    0x08014e78   0x08014e78   0x000000bc   Code   RO         1907    i.net_arp_cache_early  Net_Dbg_CM3_L.lib(net_arp.o)
    0x08014f34   0x08014f34   0x000000ec   Code   RO         1908    i.net_arp_cache_find  Net_Dbg_CM3_L.lib(net_arp.o)
    0x08015020   0x08015020   0x00000048   Code   RO         1909    i.net_arp_cache_init  Net_Dbg_CM3_L.lib(net_arp.o)
    0x08015068   0x08015068   0x0000001c   Code   RO         1910    i.net_arp_cache_run  Net_Dbg_CM3_L.lib(net_arp.o)
    0x08015084   0x08015084   0x00000078   Code   RO         1912    i.net_arp_enqueue   Net_Dbg_CM3_L.lib(net_arp.o)
    0x080150fc   0x080150fc   0x00000020   Code   RO         1914    i.net_arp_notify    Net_Dbg_CM3_L.lib(net_arp.o)
    0x0801511c   0x0801511c   0x00000224   Code   RO         1916    i.net_arp_process   Net_Dbg_CM3_L.lib(net_arp.o)
    0x08015340   0x08015340   0x00000042   Code   RO         2723    i.net_atoi          Net_Dbg_CM3_L.lib(net_common.o)
    0x08015382   0x08015382   0x00000030   Code   RO         2725    i.net_chksum_buf    Net_Dbg_CM3_L.lib(net_common.o)
    0x080153b2   0x080153b2   0x0000001e   Code   RO         2726    i.net_crc_buf       Net_Dbg_CM3_L.lib(net_common.o)
    0x080153d0   0x080153d0   0x0000000e   Code   RO         1847    i.net_eth_callback  Net_Dbg_CM3_L.lib(net_eth.o)
    0x080153de   0x080153de   0x00000068   Code   RO         1848    i.net_eth_config_mcast  Net_Dbg_CM3_L.lib(net_eth.o)
    0x08015446   0x08015446   0x000000ea   Code   RO         1850    i.net_eth_get_option  Net_Dbg_CM3_L.lib(net_eth.o)
    0x08015530   0x08015530   0x0000001c   Code   RO         1851    i.net_eth_iface_init  Net_Dbg_CM3_L.lib(net_eth.o)
    0x0801554c   0x0801554c   0x0000001c   Code   RO         1852    i.net_eth_iface_run  Net_Dbg_CM3_L.lib(net_eth.o)
    0x08015568   0x08015568   0x000000a8   Code   RO         1854    i.net_eth_output    Net_Dbg_CM3_L.lib(net_eth.o)
    0x08015610   0x08015610   0x000001e0   Code   RO         1855    i.net_eth_send_frame  Net_Dbg_CM3_L.lib(net_eth.o)
    0x080157f0   0x080157f0   0x00000270   Code   RO         1856    i.net_eth_set_option  Net_Dbg_CM3_L.lib(net_eth.o)
    0x08015a60   0x08015a60   0x000000e8   Code   RO         2291    i.net_http_server_init  Net_Dbg_CM3_L.lib(net_http_server.o)
    0x08015b48   0x08015b48   0x00000028   Code   RO         2292    i.net_http_server_run  Net_Dbg_CM3_L.lib(net_http_server.o)
    0x08015b70   0x08015b70   0x00000018   Code   RO         2671    i.net_icmp6_init    Net_Dbg_CM3_L.lib(net_icmp6.o)
    0x08015b88   0x08015b88   0x00000238   Code   RO         2672    i.net_icmp6_process  Net_Dbg_CM3_L.lib(net_icmp6.o)
    0x08015dc0   0x08015dc0   0x00000084   Code   RO         2673    i.net_icmp6_send    Net_Dbg_CM3_L.lib(net_icmp6.o)
    0x08015e44   0x08015e44   0x00000058   Code   RO         2674    i.net_icmp6_send_echo  Net_Dbg_CM3_L.lib(net_icmp6.o)
    0x08015e9c   0x08015e9c   0x00000018   Code   RO         2028    i.net_icmp_init     Net_Dbg_CM3_L.lib(net_icmp.o)
    0x08015eb4   0x08015eb4   0x000001c8   Code   RO         2029    i.net_icmp_process  Net_Dbg_CM3_L.lib(net_icmp.o)
    0x0801607c   0x0801607c   0x000000a0   Code   RO         2030    i.net_icmp_send_echo  Net_Dbg_CM3_L.lib(net_icmp.o)
    0x0801611c   0x0801611c   0x0000000c   Code   RO         2420    i.net_if_map_all    Net_Dbg_CM3_L.lib(net_sys.o)
    0x08016128   0x08016128   0x0000006c   Code   RO         1961    i.net_igmp_collect_mcast  Net_Dbg_CM3_L.lib(net_igmp.o)
    0x08016194   0x08016194   0x00000048   Code   RO         1962    i.net_igmp_host_init  Net_Dbg_CM3_L.lib(net_igmp.o)
    0x080161dc   0x080161dc   0x0000001c   Code   RO         1963    i.net_igmp_host_run  Net_Dbg_CM3_L.lib(net_igmp.o)
    0x080161f8   0x080161f8   0x00000020   Code   RO         1965    i.net_igmp_is_member  Net_Dbg_CM3_L.lib(net_igmp.o)
    0x08016218   0x08016218   0x000001ac   Code   RO         1966    i.net_igmp_process  Net_Dbg_CM3_L.lib(net_igmp.o)
    0x080163c4   0x080163c4   0x0000018c   Code   RO         2601    i.net_ip4_chk_frame  Net_Dbg_CM3_L.lib(net_ip4.o)
    0x08016550   0x08016550   0x0000002c   Code   RO         2602    i.net_ip4_chksum    Net_Dbg_CM3_L.lib(net_ip4.o)
    0x0801657c   0x0801657c   0x00000006   Code   RO         2603    i.net_ip4_chksum_buf  Net_Dbg_CM3_L.lib(net_ip4.o)
    0x08016582   0x08016582   0x00000002   PAD
    0x08016584   0x08016584   0x00000080   Code   RO         2605    i.net_ip4_find_route  Net_Dbg_CM3_L.lib(net_ip4.o)
    0x08016604   0x08016604   0x00000124   Code   RO         2007    i.net_ip4_frag_add  Net_Dbg_CM3_L.lib(net_ip4_frag.o)
    0x08016728   0x08016728   0x000000ac   Code   RO         2008    i.net_ip4_frag_get  Net_Dbg_CM3_L.lib(net_ip4_frag.o)
    0x080167d4   0x080167d4   0x00000010   Code   RO         2009    i.net_ip4_frag_init  Net_Dbg_CM3_L.lib(net_ip4_frag.o)
    0x080167e4   0x080167e4   0x0000003c   Code   RO         2010    i.net_ip4_frag_run  Net_Dbg_CM3_L.lib(net_ip4_frag.o)
    0x08016820   0x08016820   0x0000002c   Code   RO         2606    i.net_ip4_get_local  Net_Dbg_CM3_L.lib(net_ip4.o)
    0x0801684c   0x0801684c   0x00000024   Code   RO         2607    i.net_ip4_init      Net_Dbg_CM3_L.lib(net_ip4.o)
    0x08016870   0x08016870   0x00000020   Code   RO         2608    i.net_ip4_is_onlink  Net_Dbg_CM3_L.lib(net_ip4.o)
    0x08016890   0x08016890   0x00000026   Code   RO         2609    i.net_ip4_is_subcast  Net_Dbg_CM3_L.lib(net_ip4.o)
    0x080168b6   0x080168b6   0x0000000e   Code   RO         2610    i.net_ip4_reass_frame  Net_Dbg_CM3_L.lib(net_ip4.o)
    0x080168c4   0x080168c4   0x00000164   Code   RO         2611    i.net_ip4_send_frame  Net_Dbg_CM3_L.lib(net_ip4.o)
    0x08016a28   0x08016a28   0x0000002a   Code   RO         2613    i.net_ip4_tx_offl_hl  Net_Dbg_CM3_L.lib(net_ip4.o)
    0x08016a52   0x08016a52   0x00000002   PAD
    0x08016a54   0x08016a54   0x00000100   Code   RO         2639    i.net_ip6_chk_frame  Net_Dbg_CM3_L.lib(net_ip6.o)
    0x08016b54   0x08016b54   0x00000032   Code   RO         2640    i.net_ip6_chksum    Net_Dbg_CM3_L.lib(net_ip6.o)
    0x08016b86   0x08016b86   0x00000002   PAD
    0x08016b88   0x08016b88   0x0000007c   Code   RO         2641    i.net_ip6_collect_mcast  Net_Dbg_CM3_L.lib(net_ip6.o)
    0x08016c04   0x08016c04   0x00000048   Code   RO         2643    i.net_ip6_find_route  Net_Dbg_CM3_L.lib(net_ip6.o)
    0x08016c4c   0x08016c4c   0x00000054   Code   RO         2644    i.net_ip6_get_local  Net_Dbg_CM3_L.lib(net_ip6.o)
    0x08016ca0   0x08016ca0   0x0000001c   Code   RO         2645    i.net_ip6_init      Net_Dbg_CM3_L.lib(net_ip6.o)
    0x08016cbc   0x08016cbc   0x000000cc   Code   RO         2646    i.net_ip6_send_frame  Net_Dbg_CM3_L.lib(net_ip6.o)
    0x08016d88   0x08016d88   0x0000001e   Code   RO         2648    i.net_ip6_tx_offl_hl  Net_Dbg_CM3_L.lib(net_ip6.o)
    0x08016da6   0x08016da6   0x00000008   Code   RO         2727    i.net_itoa          Net_Dbg_CM3_L.lib(net_common.o)
    0x08016dae   0x08016dae   0x00000006   Code   RO         2729    i.net_itoa_n0       Net_Dbg_CM3_L.lib(net_common.o)
    0x08016db4   0x08016db4   0x00000030   Code   RO         1989    i.net_loop_iface_init  Net_Dbg_CM3_L.lib(net_loopback.o)
    0x08016de4   0x08016de4   0x000000bc   Code   RO         1990    i.net_loop_iface_run  Net_Dbg_CM3_L.lib(net_loopback.o)
    0x08016ea0   0x08016ea0   0x00000070   Code   RO         1992    i.net_loop_send_frame  Net_Dbg_CM3_L.lib(net_loopback.o)
    0x08016f10   0x08016f10   0x000000c0   Code   RO         2700    i.net_mem_alloc     Net_Dbg_CM3_L.lib(net_mem.o)
    0x08016fd0   0x08016fd0   0x0000001c   Code   RO         2701    i.net_mem_avail     Net_Dbg_CM3_L.lib(net_mem.o)
    0x08016fec   0x08016fec   0x000000a4   Code   RO         2702    i.net_mem_free      Net_Dbg_CM3_L.lib(net_mem.o)
    0x08017090   0x08017090   0x00000070   Code   RO         2703    i.net_mem_init      Net_Dbg_CM3_L.lib(net_mem.o)
    0x08017100   0x08017100   0x00000048   Code   RO         2704    i.net_mem_shrink    Net_Dbg_CM3_L.lib(net_mem.o)
    0x08017148   0x08017148   0x00000064   Code   RO         2229    i.net_nbns_client_init  Net_Dbg_CM3_L.lib(net_nbns_client.o)
    0x080171ac   0x080171ac   0x000001c4   Code   RO         2550    i.net_ndp_cache_find  Net_Dbg_CM3_L.lib(net_ndp.o)
    0x08017370   0x08017370   0x00000078   Code   RO         2553    i.net_ndp_cache_refresh  Net_Dbg_CM3_L.lib(net_ndp.o)
    0x080173e8   0x080173e8   0x00000070   Code   RO         2556    i.net_ndp_enqueue   Net_Dbg_CM3_L.lib(net_ndp.o)
    0x08017458   0x08017458   0x00000374   Code   RO         2558    i.net_ndp_process   Net_Dbg_CM3_L.lib(net_ndp.o)
    0x080177cc   0x080177cc   0x00000038   Code   RO         2422    i.net_path          Net_Dbg_CM3_L.lib(net_sys.o)
    0x08017804   0x08017804   0x00000020   Code   RO         2393    i.net_ping_client_init  Net_Dbg_CM3_L.lib(net_ping_core.o)
    0x08017824   0x08017824   0x00000080   Code   RO         2394    i.net_ping_client_run  Net_Dbg_CM3_L.lib(net_ping_core.o)
    0x080178a4   0x080178a4   0x0000001c   Code   RO         2423    i.net_rand32        Net_Dbg_CM3_L.lib(net_sys.o)
    0x080178c0   0x080178c0   0x0000005c   Code   RO         2367    i.net_sntp_client_init  Net_Dbg_CM3_L.lib(net_sntp_client_core.o)
    0x0801791c   0x0801791c   0x00000058   Code   RO         2368    i.net_sntp_client_run  Net_Dbg_CM3_L.lib(net_sntp_client_core.o)
    0x08017974   0x08017974   0x00000148   Code   RO         2369    i.net_sntp_client_start  Net_Dbg_CM3_L.lib(net_sntp_client_core.o)
    0x08017abc   0x08017abc   0x0000002e   Code   RO         2730    i.net_strcasecmp    Net_Dbg_CM3_L.lib(net_common.o)
    0x08017aea   0x08017aea   0x0000001a   Code   RO         2732    i.net_strcmp        Net_Dbg_CM3_L.lib(net_common.o)
    0x08017b04   0x08017b04   0x00000012   Code   RO         2733    i.net_strcpy        Net_Dbg_CM3_L.lib(net_common.o)
    0x08017b16   0x08017b16   0x0000001c   Code   RO         2735    i.net_strnchr       Net_Dbg_CM3_L.lib(net_common.o)
    0x08017b32   0x08017b32   0x0000001a   Code   RO         2736    i.net_strncpy       Net_Dbg_CM3_L.lib(net_common.o)
    0x08017b4c   0x08017b4c   0x00000020   Code   RO         2737    i.net_strtoupper    Net_Dbg_CM3_L.lib(net_common.o)
    0x08017b6c   0x08017b6c   0x0000000c   Code   RO         2424    i.net_sys_lock      Net_Dbg_CM3_L.lib(net_sys.o)
    0x08017b78   0x08017b78   0x00000016   Code   RO         2425    i.net_sys_resume    Net_Dbg_CM3_L.lib(net_sys.o)
    0x08017b8e   0x08017b8e   0x00000002   PAD
    0x08017b90   0x08017b90   0x00000014   Code   RO         2427    i.net_sys_tick      Net_Dbg_CM3_L.lib(net_sys.o)
    0x08017ba4   0x08017ba4   0x0000000c   Code   RO         2428    i.net_sys_unlock    Net_Dbg_CM3_L.lib(net_sys.o)
    0x08017bb0   0x08017bb0   0x00000020   Code   RO         2430    i.net_sys_wakeup    Net_Dbg_CM3_L.lib(net_sys.o)
    0x08017bd0   0x08017bd0   0x00000084   Code   RO         2121    i.net_tcp_abort     Net_Dbg_CM3_L.lib(net_tcp.o)
    0x08017c54   0x08017c54   0x000000e4   Code   RO         2124    i.net_tcp_close     Net_Dbg_CM3_L.lib(net_tcp.o)
    0x08017d38   0x08017d38   0x0000002e   Code   RO         2127    i.net_tcp_get_buf   Net_Dbg_CM3_L.lib(net_tcp.o)
    0x08017d66   0x08017d66   0x00000002   PAD
    0x08017d68   0x08017d68   0x00000034   Code   RO         2129    i.net_tcp_get_local_port  Net_Dbg_CM3_L.lib(net_tcp.o)
    0x08017d9c   0x08017d9c   0x00000028   Code   RO         2130    i.net_tcp_get_mss   Net_Dbg_CM3_L.lib(net_tcp.o)
    0x08017dc4   0x08017dc4   0x00000054   Code   RO         2132    i.net_tcp_get_peer  Net_Dbg_CM3_L.lib(net_tcp.o)
    0x08017e18   0x08017e18   0x00000070   Code   RO         2134    i.net_tcp_get_socket  Net_Dbg_CM3_L.lib(net_tcp.o)
    0x08017e88   0x08017e88   0x0000002c   Code   RO         2135    i.net_tcp_get_state  Net_Dbg_CM3_L.lib(net_tcp.o)
    0x08017eb4   0x08017eb4   0x00000034   Code   RO         2136    i.net_tcp_get_timer  Net_Dbg_CM3_L.lib(net_tcp.o)
    0x08017ee8   0x08017ee8   0x000000b0   Code   RO         2137    i.net_tcp_listen    Net_Dbg_CM3_L.lib(net_tcp.o)
    0x08017f98   0x08017f98   0x000007a8   Code   RO         2139    i.net_tcp_process   Net_Dbg_CM3_L.lib(net_tcp.o)
    0x08018740   0x08018740   0x0000015c   Code   RO         2143    i.net_tcp_send      Net_Dbg_CM3_L.lib(net_tcp.o)
    0x0801889c   0x0801889c   0x0000012c   Code   RO         2145    i.net_tcp_set_option  Net_Dbg_CM3_L.lib(net_tcp.o)
    0x080189c8   0x080189c8   0x00000028   Code   RO         2146    i.net_tcp_socket_init  Net_Dbg_CM3_L.lib(net_tcp.o)
    0x080189f0   0x080189f0   0x000003c0   Code   RO         2147    i.net_tcp_socket_run  Net_Dbg_CM3_L.lib(net_tcp.o)
    0x08018db0   0x08018db0   0x00000048   Code   RO         2055    i.net_udp_close     Net_Dbg_CM3_L.lib(net_udp.o)
    0x08018df8   0x08018df8   0x0000002e   Code   RO         2058    i.net_udp_get_buf   Net_Dbg_CM3_L.lib(net_udp.o)
    0x08018e26   0x08018e26   0x00000002   PAD
    0x08018e28   0x08018e28   0x00000070   Code   RO         2061    i.net_udp_get_socket  Net_Dbg_CM3_L.lib(net_udp.o)
    0x08018e98   0x08018e98   0x000000ac   Code   RO         2063    i.net_udp_open      Net_Dbg_CM3_L.lib(net_udp.o)
    0x08018f44   0x08018f44   0x00000158   Code   RO         2064    i.net_udp_process   Net_Dbg_CM3_L.lib(net_udp.o)
    0x0801909c   0x0801909c   0x00000012   Code   RO         2066    i.net_udp_send      Net_Dbg_CM3_L.lib(net_udp.o)
    0x080190ae   0x080190ae   0x00000002   PAD
    0x080190b0   0x080190b0   0x0000022c   Code   RO         2067    i.net_udp_send_if   Net_Dbg_CM3_L.lib(net_udp.o)
    0x080192dc   0x080192dc   0x00000024   Code   RO         2069    i.net_udp_socket_init  Net_Dbg_CM3_L.lib(net_udp.o)
    0x08019300   0x08019300   0x00000008   Code   RO         2738    i.net_ultoa         Net_Dbg_CM3_L.lib(net_common.o)
    0x08019308   0x08019308   0x00000030   Code   RO         2741    i.net_ultox         Net_Dbg_CM3_L.lib(net_common.o)
    0x08019338   0x08019338   0x0000004c   Code   RO         2742    i.net_xtoul         Net_Dbg_CM3_L.lib(net_common.o)
    0x08019384   0x08019384   0x0000001c   Code   RO         2397    i.ping_send_req     Net_Dbg_CM3_L.lib(net_ping_core.o)
    0x080193a0   0x080193a0   0x00000058   Code   RO         2295    i.proc_req_line     Net_Dbg_CM3_L.lib(net_http_server.o)
    0x080193f8   0x080193f8   0x0000001a   Code   RO         2012    i.que_free_list     Net_Dbg_CM3_L.lib(net_ip4_frag.o)
    0x08019412   0x08019412   0x000000a0   Code   RO         2296    i.read_script_line  Net_Dbg_CM3_L.lib(net_http_server.o)
    0x080194b2   0x080194b2   0x00000048   Code   RO         2297    i.search_delim      Net_Dbg_CM3_L.lib(net_http_server.o)
    0x080194fa   0x080194fa   0x00000002   PAD
    0x080194fc   0x080194fc   0x000000fc   Code   RO         2371    i.sntp_listener     Net_Dbg_CM3_L.lib(net_sntp_client_core.o)
    0x080195f8   0x080195f8   0x0000003c   Code   RO         2372    i.sntp_send_message  Net_Dbg_CM3_L.lib(net_sntp_client_core.o)
    0x08019634   0x08019634   0x00000018   Code   RO         2374    i.sntp_stop         Net_Dbg_CM3_L.lib(net_sntp_client_core.o)
    0x0801964c   0x0801964c   0x00000018   Code   RO         2431    i.sys_map_if        Net_Dbg_CM3_L.lib(net_sys.o)
    0x08019664   0x08019664   0x0000004c   Code   RO         2432    i.sys_proc_tick     Net_Dbg_CM3_L.lib(net_sys.o)
    0x080196b0   0x080196b0   0x00000110   Code   RO         2149    i.tcp_map_socket    Net_Dbg_CM3_L.lib(net_tcp.o)
    0x080197c0   0x080197c0   0x00000084   Code   RO         2150    i.tcp_parse_opt     Net_Dbg_CM3_L.lib(net_tcp.o)
    0x08019844   0x08019844   0x0000011c   Code   RO         2151    i.tcp_proc_acknr    Net_Dbg_CM3_L.lib(net_tcp.o)
    0x08019960   0x08019960   0x000000ac   Code   RO         2152    i.tcp_proc_dupack   Net_Dbg_CM3_L.lib(net_tcp.o)
    0x08019a0c   0x08019a0c   0x0000001a   Code   RO         2153    i.tcp_que_free      Net_Dbg_CM3_L.lib(net_tcp.o)
    0x08019a26   0x08019a26   0x0000001a   Code   RO         2154    i.tcp_que_init      Net_Dbg_CM3_L.lib(net_tcp.o)
    0x08019a40   0x08019a40   0x000000ac   Code   RO         2155    i.tcp_que_resend    Net_Dbg_CM3_L.lib(net_tcp.o)
    0x08019aec   0x08019aec   0x00000090   Code   RO         2156    i.tcp_send_ctrl     Net_Dbg_CM3_L.lib(net_tcp.o)
    0x08019b7c   0x08019b7c   0x0000007c   Code   RO         2157    i.tcp_send_data     Net_Dbg_CM3_L.lib(net_tcp.o)
    0x08019bf8   0x08019bf8   0x00000090   Code   RO         2158    i.tcp_send_reset    Net_Dbg_CM3_L.lib(net_tcp.o)
    0x08019c88   0x08019c88   0x00000044   Code   RO         2159    i.tcp_set_cwnd      Net_Dbg_CM3_L.lib(net_tcp.o)
    0x08019ccc   0x08019ccc   0x00000074   Code   RO         2160    i.tcp_transit       Net_Dbg_CM3_L.lib(net_tcp.o)
    0x08019d40   0x08019d40   0x0000010c   Code   RO         2161    i.tcp_write         Net_Dbg_CM3_L.lib(net_tcp.o)
    0x08019e4c   0x08019e4c   0x0000002c   Code   RO         2071    i.udp_port_in_use   Net_Dbg_CM3_L.lib(net_udp.o)
    0x08019e78   0x08019e78   0x00000044   Code   RO         2743    i.ul2str            Net_Dbg_CM3_L.lib(net_common.o)
    0x08019ebc   0x08019ebc   0x00000124   Code   RO         2298    i.utc_to_http       Net_Dbg_CM3_L.lib(net_http_server.o)
    0x08019fe0   0x08019fe0   0x00000024   Data   RO          156    .constdata          http_server.o
    0x0801a004   0x0801a004   0x00000004   Data   RO          270    .constdata          web.o
    0x0801a008   0x0801a008   0x00006bd1   Data   RO          271    .constdata          web.o
    0x08020bd9   0x08020bd9   0x00000003   PAD
    0x08020bdc   0x08020bdc   0x000000b0   Data   RO          272    .constdata          web.o
    0x08020c8c   0x08020c8c   0x00000960   Data   RO          315    .constdata          thlcd.o
    0x080215ec   0x080215ec   0x00000008   Data   RO          507    .constdata          buttons_nucleo_f429zi.o
    0x080215f4   0x080215f4   0x00000024   Data   RO          718    .constdata          rtx_lib.o
    0x08021618   0x08021618   0x00000024   Data   RO          719    .constdata          rtx_lib.o
    0x0802163c   0x0802163c   0x00000018   Data   RO          720    .constdata          rtx_lib.o
    0x08021654   0x08021654   0x00000004   Data   RO          722    .constdata          rtx_lib.o
    0x08021658   0x08021658   0x00000004   Data   RO         1063    .constdata          phy_lan8742a.o
    0x0802165c   0x0802165c   0x00000020   Data   RO         1064    .constdata          phy_lan8742a.o
    0x0802167c   0x0802167c   0x00000050   Data   RO         1091    .constdata          emac_stm32f4xx.o
    0x080216cc   0x080216cc   0x00000044   Data   RO         1092    .constdata          emac_stm32f4xx.o
    0x08021710   0x08021710   0x00000034   Data   RO         1134    .constdata          spi_stm32f4xx.o
    0x08021744   0x08021744   0x00000010   Data   RO         1135    .constdata          spi_stm32f4xx.o
    0x08021754   0x08021754   0x00000010   Data   RO         1136    .constdata          spi_stm32f4xx.o
    0x08021764   0x08021764   0x0000002c   Data   RO         1137    .constdata          spi_stm32f4xx.o
    0x08021790   0x08021790   0x00000018   Data   RO         1173    .constdata          eventrecorder.o
    0x080217a8   0x080217a8   0x00000008   Data   RO         1312    .constdata          stm32f4xx_hal_dma.o
    0x080217b0   0x080217b0   0x00000010   Data   RO         1680    .constdata          system_stm32f4xx.o
    0x080217c0   0x080217c0   0x00000008   Data   RO         1681    .constdata          system_stm32f4xx.o
    0x080217c8   0x080217c8   0x000000a8   Data   RO         1725    .constdata          net_config.o
    0x08021870   0x08021870   0x0000001c   Data   RO         1726    .constdata          net_config.o
    0x0802188c   0x0802188c   0x00000014   Data   RO         1727    .constdata          net_config.o
    0x080218a0   0x080218a0   0x0000000c   Data   RO         1728    .constdata          net_config.o
    0x080218ac   0x080218ac   0x00000010   Data   RO         1729    .constdata          net_config.o
    0x080218bc   0x080218bc   0x00000028   Data   RO         1730    .constdata          net_config.o
    0x080218e4   0x080218e4   0x0000002c   Data   RO         1731    .constdata          net_config.o
    0x08021910   0x08021910   0x00000008   Data   RO         1732    .constdata          net_config.o
    0x08021918   0x08021918   0x00000008   Data   RO         1733    .constdata          net_config.o
    0x08021920   0x08021920   0x00000008   Data   RO         1734    .constdata          net_config.o
    0x08021928   0x08021928   0x00000008   Data   RO         1735    .constdata          net_config.o
    0x08021930   0x08021930   0x00000008   Data   RO         1736    .constdata          net_config.o
    0x08021938   0x08021938   0x00000008   Data   RO         1737    .constdata          net_config.o
    0x08021940   0x08021940   0x00000008   Data   RO         1738    .constdata          net_config.o
    0x08021948   0x08021948   0x00000008   Data   RO         1739    .constdata          net_config.o
    0x08021950   0x08021950   0x00000004   Data   RO         1741    .constdata          net_config.o
    0x08021954   0x08021954   0x00000008   Data   RO         1742    .constdata          net_config.o
    0x0802195c   0x0802195c   0x0000000c   Data   RO         1743    .constdata          net_config.o
    0x08021968   0x08021968   0x00000018   Data   RO         1744    .constdata          net_config.o
    0x08021980   0x08021980   0x00000034   Data   RO         1745    .constdata          net_config.o
    0x080219b4   0x080219b4   0x00000008   Data   RO         1746    .constdata          net_config.o
    0x080219bc   0x080219bc   0x00000030   Data   RO         1747    .constdata          net_config.o
    0x080219ec   0x080219ec   0x00000028   Data   RO         1748    .constdata          net_config.o
    0x08021a14   0x08021a14   0x00000010   Data   RO         1750    .constdata          net_config.o
    0x08021a24   0x08021a24   0x00000010   Data   RO         1751    .constdata          net_config.o
    0x08021a34   0x08021a34   0x00000008   Data   RO         1967    .constdata          Net_Dbg_CM3_L.lib(net_igmp.o)
    0x08021a3c   0x08021a3c   0x0000002c   Data   RO         1993    .constdata          Net_Dbg_CM3_L.lib(net_loopback.o)
    0x08021a68   0x08021a68   0x0000000c   Data   RO         1994    .constdata          Net_Dbg_CM3_L.lib(net_loopback.o)
    0x08021a74   0x08021a74   0x00000008   Data   RO         2231    .constdata          Net_Dbg_CM3_L.lib(net_nbns_client.o)
    0x08021a7c   0x08021a7c   0x000000fa   Data   RO         2300    .constdata          Net_Dbg_CM3_L.lib(net_http_server.o)
    0x08021b76   0x08021b76   0x00000012   Data   RO         2399    .constdata          Net_Dbg_CM3_L.lib(net_ping_core.o)
    0x08021b88   0x08021b88   0x00000010   Data   RO         2492    .constdata          Net_Dbg_CM3_L.lib(net_addr.o)
    0x08021b98   0x08021b98   0x00000006   Data   RO         2493    .constdata          Net_Dbg_CM3_L.lib(net_addr.o)
    0x08021b9e   0x08021b9e   0x00000004   Data   RO         2615    .constdata          Net_Dbg_CM3_L.lib(net_ip4.o)
    0x08021ba2   0x08021ba2   0x00000020   Data   RO         2650    .constdata          Net_Dbg_CM3_L.lib(net_ip6.o)
    0x08021bc2   0x08021bc2   0x00000002   PAD
    0x08021bc4   0x08021bc4   0x00000018   Data   RO         2690    .constdata          Net_Dbg_CM3_L.lib(net_http_server_err.o)
    0x08021bdc   0x08021bdc   0x00000010   Data   RO         2744    .constdata          Net_Dbg_CM3_L.lib(net_common.o)
    0x08021bec   0x08021bec   0x00000004   Data   RO         2774    .constdata          Net_Dbg_CM3_L.lib(net_version.o)
    0x08021bf0   0x08021bf0   0x0000000c   Data   RO         2788    .constdata          mc_w.l(localtime.o)
    0x08021bfc   0x08021bfc   0x000000da   Data   RO          239    .conststring        http_server_cgi.o
    0x08021cd6   0x08021cd6   0x00000002   PAD
    0x08021cd8   0x08021cd8   0x00000078   Data   RO         1752    .conststring        net_config.o
    0x08021d50   0x08021d50   0x0000000d   Data   RO         1753    .conststring        net_config.o
    0x08021d5d   0x08021d5d   0x00000003   PAD
    0x08021d60   0x08021d60   0x0000003c   Data   RO         1754    .conststring        net_config.o
    0x08021d9c   0x08021d9c   0x00000001   Data   RO         1755    .conststring        net_config.o
    0x08021d9d   0x08021d9d   0x00000003   PAD
    0x08021da0   0x08021da0   0x0000000f   Data   RO         1756    .conststring        net_config.o
    0x08021daf   0x08021daf   0x00000001   PAD
    0x08021db0   0x08021db0   0x00000203   Data   RO         2691    .conststring        Net_Dbg_CM3_L.lib(net_http_server_err.o)
    0x08021fb3   0x08021fb3   0x00000001   PAD
    0x08021fb4   0x08021fb4   0x0000000b   Data   RO          662    .conststrlit        rtx_kernel.o
    0x08021fbf   0x08021fbf   0x00000001   PAD
    0x08021fc0   0x08021fc0   0x000000a8   Data   RO          723    .rodata             rtx_lib.o
    0x08022068   0x08022068   0x00000030   Data   RO         3123    Region$$Table       anon$$obj.o


    Execution Region RW_IRAM2 (Exec base: 0x10000000, Load base: 0x080221d0, Size: 0x000004a4, Max: 0x00010000, ABSOLUTE)

    Exec Addr    Load Addr    Size         Type   Attr      Idx    E Section Name        Object

    0x10000000        -       0x000004a4   Zero   RW         1172    .bss.noinit         eventrecorder.o


    Execution Region RW_IRAM1 (Exec base: 0x20000000, Load base: 0x08022098, Size: 0x0000f6d8, Max: 0x00030000, ABSOLUTE, COMPRESSED[0x00000138])

    Exec Addr    Load Addr    Size         Type   Attr      Idx    E Section Name        Object

    0x20000000   COMPRESSED   0x00008000   Data   RW          710    .bss.os             rtx_lib.o
    0x20008000   COMPRESSED   0x00000040   Data   RW          711    .bss.os             rtx_lib.o
    0x20008040   COMPRESSED   0x00000001   Data   RW         1015    .bss.os             os_systick.o
    0x20008041   COMPRESSED   0x00000003   PAD
    0x20008044   COMPRESSED   0x00000034   Data   RW          712    .bss.os.msgqueue.cb  rtx_lib.o
    0x20008078   COMPRESSED   0x00000050   Data   RW          713    .bss.os.msgqueue.mem  rtx_lib.o
    0x200080c8   COMPRESSED   0x0000001c   Data   RW         1719    .bss.os.mutex.cb    net_config.o
    0x200080e4   COMPRESSED   0x0000001c   Data   RW         1720    .bss.os.mutex.cb    net_config.o
    0x20008100   COMPRESSED   0x00000010   Data   RW         1721    .bss.os.semaphore.cb  net_config.o
    0x20008110   COMPRESSED   0x00000044   Data   RW          714    .bss.os.thread.cb   rtx_lib.o
    0x20008154   COMPRESSED   0x00000044   Data   RW          715    .bss.os.thread.cb   rtx_lib.o
    0x20008198   COMPRESSED   0x00000044   Data   RW         1722    .bss.os.thread.cb   net_config.o
    0x200081dc   COMPRESSED   0x00000044   Data   RW         1723    .bss.os.thread.cb   net_config.o
    0x20008220   COMPRESSED   0x00000200   Data   RW          716    .bss.os.thread.idle.stack  rtx_lib.o
    0x20008420   COMPRESSED   0x00000200   Data   RW          717    .bss.os.thread.timer.stack  rtx_lib.o
    0x20008620   COMPRESSED   0x00000020   Data   RW         1724    .bss.os.timer.cb    net_config.o
    0x20008640   COMPRESSED   0x00000004   Data   RW            5    .data               main.o
    0x20008644   COMPRESSED   0x0000005e   Data   RW          157    .data               http_server.o
    0x200086a2   COMPRESSED   0x00000002   PAD
    0x200086a4   COMPRESSED   0x00000008   Data   RW          240    .data               http_server_cgi.o
    0x200086ac   COMPRESSED   0x00000008   Data   RW          316    .data               thlcd.o
    0x200086b4   COMPRESSED   0x00000004   Data   RW          419    .data               rtc.o
    0x200086b8   COMPRESSED   0x00000001   Data   RW          450    .data               sntp.o
    0x200086b9   COMPRESSED   0x00000003   PAD
    0x200086bc   COMPRESSED   0x0000000c   Data   RW         1206    .data               stm32f4xx_hal.o
    0x200086c8   COMPRESSED   0x00000004   Data   RW         1682    .data               system_stm32f4xx.o
    0x200086cc   COMPRESSED   0x00000004   Data   RW         1757    .data               net_config.o
    0x200086d0   COMPRESSED   0x00000006   Data   RW         1758    .data               net_config.o
    0x200086d6   COMPRESSED   0x00000004   Data   RW         1759    .data               net_config.o
    0x200086da   COMPRESSED   0x00000004   Data   RW         1968    .data               Net_Dbg_CM3_L.lib(net_igmp.o)
    0x200086de   COMPRESSED   0x00000002   PAD
    0x200086e0   COMPRESSED   0x00000004   Data   RW         1995    .data               Net_Dbg_CM3_L.lib(net_loopback.o)
    0x200086e4   COMPRESSED   0x00000004   Data   RW         2013    .data               Net_Dbg_CM3_L.lib(net_ip4_frag.o)
    0x200086e8   COMPRESSED   0x00000001   Data   RW         2031    .data               Net_Dbg_CM3_L.lib(net_icmp.o)
    0x200086e9   COMPRESSED   0x00000001   PAD
    0x200086ea   COMPRESSED   0x00000002   Data   RW         2073    .data               Net_Dbg_CM3_L.lib(net_udp.o)
    0x200086ec   COMPRESSED   0x00000004   Data   RW         2164    .data               Net_Dbg_CM3_L.lib(net_tcp.o)
    0x200086f0   COMPRESSED   0x00000001   Data   RW         2232    .data               Net_Dbg_CM3_L.lib(net_nbns_client.o)
    0x200086f1   COMPRESSED   0x00000003   PAD
    0x200086f4   COMPRESSED   0x0000000c   Data   RW         2301    .data               Net_Dbg_CM3_L.lib(net_http_server.o)
    0x20008700   COMPRESSED   0x00000008   Data   RW         2616    .data               Net_Dbg_CM3_L.lib(net_ip4.o)
    0x20008708   COMPRESSED   0x00000004   Data   RW         2652    .data               Net_Dbg_CM3_L.lib(net_ip6.o)
    0x2000870c   COMPRESSED   0x000000a4   Data   RW          663    .data.os            rtx_kernel.o
    0x200087b0        -       0x00000088   Zero   RW          154    .bss                http_server.o
    0x20008838        -       0x00000400   Zero   RW          155    .bss                http_server.o
    0x20008c38        -       0x00000038   Zero   RW          238    .bss                http_server_cgi.o
    0x20008c70        -       0x00000240   Zero   RW          314    .bss                thlcd.o
    0x20008eb0        -       0x0000005c   Zero   RW          411    .bss                rtc.o
    0x20008f0c        -       0x0000002c   Zero   RW          449    .bss                sntp.o
    0x20008f38        -       0x0000000c   Zero   RW         1062    .bss                phy_lan8742a.o
    0x20008f44        -       0x000024cc   Zero   RW         1090    .bss                emac_stm32f4xx.o
    0x2000b410        -       0x00000010   Zero   RW         1132    .bss                spi_stm32f4xx.o
    0x2000b420        -       0x0000001c   Zero   RW         1133    .bss                spi_stm32f4xx.o
    0x2000b43c   COMPRESSED   0x00000004   PAD
    0x2000b440        -       0x00000400   Zero   RW         1709    .bss                net_config.o
    0x2000b840        -       0x00000400   Zero   RW         1710    .bss                net_config.o
    0x2000bc40        -       0x00002ee0   Zero   RW         1711    .bss                net_config.o
    0x2000eb20        -       0x000000c8   Zero   RW         1712    .bss                net_config.o
    0x2000ebe8        -       0x00000028   Zero   RW         1713    .bss                net_config.o
    0x2000ec10        -       0x00000018   Zero   RW         1714    .bss                net_config.o
    0x2000ec28        -       0x00000028   Zero   RW         1715    .bss                net_config.o
    0x2000ec50        -       0x00000050   Zero   RW         1716    .bss                net_config.o
    0x2000eca0        -       0x00000228   Zero   RW         1717    .bss                net_config.o
    0x2000eec8        -       0x00000150   Zero   RW         1718    .bss                net_config.o
    0x2000f018        -       0x000000a0   Zero   RW         1857    .bss                Net_Dbg_CM3_L.lib(net_eth.o)
    0x2000f0b8        -       0x00000018   Zero   RW         1917    .bss                Net_Dbg_CM3_L.lib(net_arp.o)
    0x2000f0d0        -       0x0000001c   Zero   RW         2072    .bss                Net_Dbg_CM3_L.lib(net_udp.o)
    0x2000f0ec        -       0x00000098   Zero   RW         2299    .bss                Net_Dbg_CM3_L.lib(net_http_server.o)
    0x2000f184        -       0x0000002c   Zero   RW         2375    .bss                Net_Dbg_CM3_L.lib(net_sntp_client_core.o)
    0x2000f1b0        -       0x0000002c   Zero   RW         2398    .bss                Net_Dbg_CM3_L.lib(net_ping_core.o)
    0x2000f1dc        -       0x00000038   Zero   RW         2433    .bss                Net_Dbg_CM3_L.lib(net_sys.o)
    0x2000f214        -       0x00000024   Zero   RW         2434    .bss                Net_Dbg_CM3_L.lib(net_sys.o)
    0x2000f238        -       0x0000005c   Zero   RW         2491    .bss                Net_Dbg_CM3_L.lib(net_addr.o)
    0x2000f294        -       0x00000014   Zero   RW         2706    .bss                Net_Dbg_CM3_L.lib(net_mem.o)
    0x2000f2a8        -       0x0000002c   Zero   RW         2787    .bss                mc_w.l(localtime.o)
    0x2000f2d4   COMPRESSED   0x00000004   PAD
    0x2000f2d8        -       0x00000400   Zero   RW         1669    STACK               startup_stm32f429xx.o


==============================================================================

Image component sizes


      Code (inc. data)   RO Data    RW Data    ZI Data      Debug   Object Name

       228         18          0          0          0       1776   adc.o
       164         10          8          0          0       2436   buttons_nucleo_f429zi.o
      2536        156        148          0       9420      47710   emac_stm32f4xx.o
      1452         40         24          0       1188      17480   eventrecorder.o
       852         62         36         94       1160      18065   http_server.o
      1816        332        218          8         56       7834   http_server_cgi.o
       148          8          0          0          0        636   irq_armv7m.o
       412         14          0          0          0       1201   leds.o
       456         36          0          0          0       1457   lpm.o
       272         28          0          4          0     834675   main.o
       356         26        829        254      15320      32009   net_config.o
       338          0          0          0          0        846   net_debug.o
       196         12          0          1          0       1992   os_systick.o
       428         10         36          0         12       6994   phy_lan8742a.o
       448         58          0          4         92       2550   rtc.o
         4          0          0          0          0        587   rtx_config.o
       260         14          0          0          0      17958   rtx_delay.o
      2392         88          0          0          0      45237   rtx_evr.o
      1740         96         11        164          0      28120   rtx_kernel.o
        24          0        268      34124          0       9903   rtx_lib.o
       292          0          0          0          0       3863   rtx_memory.o
      1984         48          0          0          0      15252   rtx_mempool.o
      2820         58          0          0          0      23784   rtx_msgqueue.o
      1368         30          0          0          0      10198   rtx_mutex.o
      1432         34          0          0          0      11984   rtx_semaphore.o
       668         18          0          0          0       8565   rtx_system.o
      4892        124          0          0          0      33729   rtx_thread.o
      1152         34          0          0          0      10305   rtx_timer.o
       236         34          0          1         44       2370   sntp.o
      3164         98        128          0         44      44983   spi_stm32f4xx.o
        36          8        428          0       1024        824   startup_stm32f429xx.o
       456         38          0         12          0      11487   stm32f4xx_hal.o
      2744         92          0          0          0       8871   stm32f4xx_hal_adc.o
      1828         42          0          0          0       6578   stm32f4xx_hal_adc_ex.o
       664         10          0          0          0      36178   stm32f4xx_hal_cortex.o
      1816         28          8          0          0       7677   stm32f4xx_hal_dma.o
      3112         78          0          0          0      11551   stm32f4xx_hal_eth.o
       868         54          0          0          0       4031   stm32f4xx_hal_gpio.o
       376         20          0          0          0       3663   stm32f4xx_hal_pwr.o
      1888         66          0          0          0       6183   stm32f4xx_hal_rcc.o
      1508         80          0          0          0       4745   stm32f4xx_hal_rcc_ex.o
      2416         24          0          0          0       8753   stm32f4xx_hal_rtc.o
      2828         22          0          0          0      13733   stm32f4xx_hal_rtc_ex.o
      9170        166          0          0          0      37680   stm32f4xx_hal_tim.o
      2992         62          0          0          0      13700   stm32f4xx_hal_tim_ex.o
        72         12          0          0          0       1901   stm32f4xx_it.o
       148         20         24          4          0       1761   system_stm32f4xx.o
      1056         42       2400          8        576       5496   thlcd.o
       120         10      27781          0          0       1700   web.o

    ----------------------------------------------------------------------
     66630       2360      32408      34686      28940    1431011   Object Totals
         0          0         48          0          0          0   (incl. Generated)
         2          0         13          8          4          0   (incl. Padding)

    ----------------------------------------------------------------------

      Code (inc. data)   RO Data    RW Data    ZI Data      Debug   Library Member Name

      1458         18         22          0         92       1624   net_addr.o
      2874        144          0          0         24       1548   net_arp.o
       600         10         16          0          0       1272   net_common.o
      3664        138          0          0        160       1600   net_eth.o
      6834       1268        250         12        152       2852   net_http_server.o
         0          0        539          0          0          0   net_http_server_err.o
       640         48          0          1          0        236   net_icmp.o
       812         60          0          0          0        332   net_icmp6.o
       972         46          8          4          0        680   net_igmp.o
      1188         82          4          8          0        956   net_ip4.o
       690         30          0          4          0        476   net_ip4_frag.o
       848         72         32          4          0        644   net_ip6.o
       348         28         56          4          0        256   net_loopback.o
       592         64          0          0         20        564   net_mem.o
       520         44          8          1          0        188   net_nbns_client.o
      3058        106          0          0          0       1404   net_ndp.o
       188         32         18          0         44        220   net_ping_core.o
       872         70          0          0         44        584   net_sntp_client_core.o
       834         84          0          0         92       1012   net_sys.o
      6566        282          0          4          0       2728   net_tcp.o
      1400         80          0          2         28        772   net_udp.o
         0          0          4          0          0          0   net_version.o
        86          0          0          0          0          0   __dczerorl2.o
         0          0          0          0          0          0   entry.o
         0          0          0          0          0          0   entry10a.o
         0          0          0          0          0          0   entry11a.o
         4          0          0          0          0          0   entry12b.o
         8          4          0          0          0          0   entry2.o
         4          0          0          0          0          0   entry5.o
         0          0          0          0          0          0   entry7b.o
         0          0          0          0          0          0   entry8b.o
         8          4          0          0          0          0   entry9a.o
        30          0          0          0          0          0   handlers.o
        36          8          0          0          0         68   init.o
         0          0          0          0          0          0   iusefp.o
        30          0          0          0          0         68   llshl.o
        36          0          0          0          0         68   llsshr.o
        32          0          0          0          0         68   llushr.o
       148         10         12          0         44         76   localtime.o
        26          0          0          0          0         80   memcmp.o
        36          0          0          0          0         68   memcpya.o
        36          0          0          0          0        108   memseta.o
      2236         86          0          0          0        532   printfa.o
        28          0          0          0          0         76   strcmp.o
        18          0          0          0          0         68   strcpy.o
        14          0          0          0          0         68   strlen.o
        30          0          0          0          0         80   strncmp.o
        44          0          0          0          0         80   uidiv.o
        98          0          0          0          0         92   uldiv.o
        48          0          0          0          0         68   cdrcmple.o
       334          0          0          0          0        148   dadd.o
       222          0          0          0          0        100   ddiv.o
       186          0          0          0          0        176   depilogue.o
        48          0          0          0          0         68   dfixul.o
       228          0          0          0          0         96   dmul.o
        46          0          0          0          0         80   dscalb.o
        38          0          0          0          0         68   f2d.o
       110          0          0          0          0        168   fepilogue.o
        50          0          0          0          0         68   ffixi.o
        10          0          0          0          0         68   ffltui.o
       100          0          0          0          0         76   fmul.o

    ----------------------------------------------------------------------
     39406       2818        972         50        704      22732   Library Totals
        40          0          3          6          4          0   (incl. Padding)

    ----------------------------------------------------------------------

      Code (inc. data)   RO Data    RW Data    ZI Data      Debug   Library Name

     34958       2706        957         44        656      19948   Net_Dbg_CM3_L.lib
      2988        112         12          0         44       1600   mc_w.l
      1420          0          0          0          0       1184   mf_w.l

    ----------------------------------------------------------------------
     39406       2818        972         50        704      22732   Library Totals

    ----------------------------------------------------------------------

==============================================================================


      Code (inc. data)   RO Data    RW Data    ZI Data      Debug   

    106036       5178      33380      34736      29644    1435099   Grand Totals
    106036       5178      33380        312      29644    1435099   ELF Image Totals (compressed)
    106036       5178      33380        312          0          0   ROM Totals

==============================================================================

    Total RO  Size (Code + RO Data)               139416 ( 136.15kB)
    Total RW  Size (RW Data + ZI Data)             64380 (  62.87kB)
    Total ROM Size (Code + RO Data + RW Data)     139728 ( 136.45kB)

==============================================================================

